Archive member included to satisfy reference by file (symbol)

c:/intelfpga_lite/18.0/nios2eds/bin/gnu/h-x86_64-mingw32/bin/../lib/gcc/nios2-elf/5.3.0/../../../../../H-x86_64-mingw32/nios2-elf/lib/mno-hw-mul\libc.a(lib_a-clock.o)
                              obj/default/graphic_top.o (clock)
c:/intelfpga_lite/18.0/nios2eds/bin/gnu/h-x86_64-mingw32/bin/../lib/gcc/nios2-elf/5.3.0/../../../../../H-x86_64-mingw32/nios2-elf/lib/mno-hw-mul\libc.a(lib_a-impure.o)
                              c:/intelfpga_lite/18.0/nios2eds/bin/gnu/h-x86_64-mingw32/bin/../lib/gcc/nios2-elf/5.3.0/../../../../../H-x86_64-mingw32/nios2-elf/lib/mno-hw-mul\libc.a(lib_a-clock.o) (_impure_ptr)
c:/intelfpga_lite/18.0/nios2eds/bin/gnu/h-x86_64-mingw32/bin/../lib/gcc/nios2-elf/5.3.0/../../../../../H-x86_64-mingw32/nios2-elf/lib/mno-hw-mul\libc.a(lib_a-timesr.o)
                              c:/intelfpga_lite/18.0/nios2eds/bin/gnu/h-x86_64-mingw32/bin/../lib/gcc/nios2-elf/5.3.0/../../../../../H-x86_64-mingw32/nios2-elf/lib/mno-hw-mul\libc.a(lib_a-clock.o) (_times_r)
../processor_v2_bsp/\libhal_bsp.a(alt_load.o)
                              ../processor_v2_bsp//obj/HAL/src/crt0.o (alt_load)
../processor_v2_bsp/\libhal_bsp.a(alt_main.o)
                              ../processor_v2_bsp//obj/HAL/src/crt0.o (alt_main)
../processor_v2_bsp/\libhal_bsp.a(alt_times.o)
                              c:/intelfpga_lite/18.0/nios2eds/bin/gnu/h-x86_64-mingw32/bin/../lib/gcc/nios2-elf/5.3.0/../../../../../H-x86_64-mingw32/nios2-elf/lib/mno-hw-mul\libc.a(lib_a-timesr.o) (times)
../processor_v2_bsp/\libhal_bsp.a(alt_sys_init.o)
                              ../processor_v2_bsp/\libhal_bsp.a(alt_main.o) (alt_irq_init)
../processor_v2_bsp/\libhal_bsp.a(altera_avalon_jtag_uart_fd.o)
                              ../processor_v2_bsp/\libhal_bsp.a(alt_sys_init.o) (altera_avalon_jtag_uart_read_fd)
../processor_v2_bsp/\libhal_bsp.a(altera_avalon_jtag_uart_init.o)
                              ../processor_v2_bsp/\libhal_bsp.a(alt_sys_init.o) (altera_avalon_jtag_uart_init)
../processor_v2_bsp/\libhal_bsp.a(altera_avalon_jtag_uart_ioctl.o)
                              ../processor_v2_bsp/\libhal_bsp.a(altera_avalon_jtag_uart_fd.o) (altera_avalon_jtag_uart_ioctl)
../processor_v2_bsp/\libhal_bsp.a(altera_avalon_jtag_uart_read.o)
                              ../processor_v2_bsp/\libhal_bsp.a(altera_avalon_jtag_uart_fd.o) (altera_avalon_jtag_uart_read)
../processor_v2_bsp/\libhal_bsp.a(altera_avalon_jtag_uart_write.o)
                              ../processor_v2_bsp/\libhal_bsp.a(altera_avalon_jtag_uart_fd.o) (altera_avalon_jtag_uart_write)
../processor_v2_bsp/\libhal_bsp.a(altera_avalon_spi.o)
                              obj/default/graphic_top.o (alt_avalon_spi_command)
../processor_v2_bsp/\libhal_bsp.a(altera_avalon_timer_sc.o)
                              ../processor_v2_bsp/\libhal_bsp.a(alt_sys_init.o) (alt_avalon_timer_sc_init)
../processor_v2_bsp/\libhal_bsp.a(alt_alarm_start.o)
                              ../processor_v2_bsp/\libhal_bsp.a(altera_avalon_jtag_uart_init.o) (alt_alarm_start)
../processor_v2_bsp/\libhal_bsp.a(alt_close.o)
                              ../processor_v2_bsp/\libhal_bsp.a(alt_main.o) (close)
../processor_v2_bsp/\libhal_bsp.a(alt_dcache_flush_all.o)
                              ../processor_v2_bsp/\libhal_bsp.a(alt_load.o) (alt_dcache_flush_all)
../processor_v2_bsp/\libhal_bsp.a(alt_dev.o)
                              ../processor_v2_bsp/\libhal_bsp.a(alt_sys_init.o) (alt_dev_list)
../processor_v2_bsp/\libhal_bsp.a(alt_dev_llist_insert.o)
                              ../processor_v2_bsp/\libhal_bsp.a(alt_sys_init.o) (alt_dev_llist_insert)
../processor_v2_bsp/\libhal_bsp.a(alt_do_ctors.o)
                              ../processor_v2_bsp/\libhal_bsp.a(alt_main.o) (_do_ctors)
../processor_v2_bsp/\libhal_bsp.a(alt_do_dtors.o)
                              ../processor_v2_bsp/\libhal_bsp.a(alt_main.o) (_do_dtors)
../processor_v2_bsp/\libhal_bsp.a(alt_errno.o)
                              ../processor_v2_bsp/\libhal_bsp.a(alt_times.o) (alt_errno)
../processor_v2_bsp/\libhal_bsp.a(alt_icache_flush_all.o)
                              ../processor_v2_bsp/\libhal_bsp.a(alt_load.o) (alt_icache_flush_all)
../processor_v2_bsp/\libhal_bsp.a(alt_iic.o)
                              ../processor_v2_bsp/\libhal_bsp.a(altera_avalon_jtag_uart_init.o) (alt_ic_isr_register)
../processor_v2_bsp/\libhal_bsp.a(alt_iic_isr_register.o)
                              ../processor_v2_bsp/\libhal_bsp.a(alt_iic.o) (alt_iic_isr_register)
../processor_v2_bsp/\libhal_bsp.a(alt_io_redirect.o)
                              ../processor_v2_bsp/\libhal_bsp.a(alt_main.o) (alt_io_redirect)
../processor_v2_bsp/\libhal_bsp.a(alt_irq_entry.o)
                              ../processor_v2_bsp/\libhal_bsp.a(alt_iic_isr_register.o) (alt_irq_entry)
../processor_v2_bsp/\libhal_bsp.a(alt_irq_handler.o)
[...]
Memory Configuration

Name             Origin             Length             Attributes
reset            0x0000000000010000 0x0000000000000020
memory           0x0000000000010020 0x000000000000bfe0
*default*        0x0000000000000000 0xffffffffffffffff

Linker script and memory map

LOAD ../processor_v2_bsp//obj/HAL/src/crt0.o
LOAD obj/default/graphic_top.o
LOAD c:/intelfpga_lite/18.0/nios2eds/bin/gnu/h-x86_64-mingw32/bin/../lib/gcc/nios2-elf/5.3.0/../../../../../H-x86_64-mingw32/nios2-elf/lib/mno-hw-mul\libstdc++.a
LOAD c:/intelfpga_lite/18.0/nios2eds/bin/gnu/h-x86_64-mingw32/bin/../lib/gcc/nios2-elf/5.3.0/../../../../../H-x86_64-mingw32/nios2-elf/lib/mno-hw-mul\libm.a
LOAD c:/intelfpga_lite/18.0/nios2eds/bin/gnu/h-x86_64-mingw32/bin/../lib/gcc/nios2-elf/5.3.0/mno-hw-mul\libgcc.a
START GROUP
LOAD c:/intelfpga_lite/18.0/nios2eds/bin/gnu/h-x86_64-mingw32/bin/../lib/gcc/nios2-elf/5.3.0/../../../../../H-x86_64-mingw32/nios2-elf/lib/mno-hw-mul\libc.a
LOAD c:/intelfpga_lite/18.0/nios2eds/bin/gnu/h-x86_64-mingw32/bin/../lib/gcc/nios2-elf/5.3.0/mno-hw-mul\libgcc.a
LOAD ../processor_v2_bsp/\libhal_bsp.a
LOAD c:/intelfpga_lite/18.0/nios2eds/bin/gnu/h-x86_64-mingw32/bin/../lib/gcc/nios2-elf/5.3.0/../../../../../H-x86_64-mingw32/nios2-elf/lib/mno-hw-mul\libm.a
END GROUP
LOAD c:/intelfpga_lite/18.0/nios2eds/bin/gnu/h-x86_64-mingw32/bin/../lib/gcc/nios2-elf/5.3.0/mno-hw-mul\libgcc.a
                0x0000000000010000                __alt_mem_memory = 0x10000

.entry          0x0000000000010000       0x20
 *(.entry)
 .entry         0x0000000000010000       0x20 ../processor_v2_bsp//obj/HAL/src/crt0.o
                0x0000000000010000                __reset

.exceptions     0x0000000000010020      0x210
                0x0000000000010020                PROVIDE (__ram_exceptions_start, ABSOLUTE (.))
                0x0000000000010020                . = ALIGN (0x20)
 *(.irq)
 *(.exceptions.entry.label)
 .exceptions.entry.label
                0x0000000000010020        0x0 ../processor_v2_bsp/\libhal_bsp.a(alt_irq_entry.o)
                0x0000000000010020                alt_irq_entry
 .exceptions.entry.label
                0x0000000000010020        0x0 ../processor_v2_bsp/\libhal_bsp.a(alt_exception_entry.o)
                0x0000000000010020                alt_exception
 *(.exceptions.entry.user)
 *(.exceptions.entry.ecc_fatal)
 *(.exceptions.entry)
 .exceptions.entry
                0x0000000000010020       0x54 ../processor_v2_bsp/\libhal_bsp.a(alt_exception_entry.o)
 *(.exceptions.irqtest.user)
 *(.exceptions.irqtest)
 .exceptions.irqtest
                0x0000000000010074       0x10 ../processor_v2_bsp/\libhal_bsp.a(alt_irq_entry.o)
 *(.exceptions.irqhandler.user)
 *(.exceptions.irqhandler)
 .exceptions.irqhandler
                0x0000000000010084        0x4 ../processor_v2_bsp/\libhal_bsp.a(alt_irq_entry.o)
 *(.exceptions.irqreturn.user)
 *(.exceptions.irqreturn)
 .exceptions.irqreturn
                0x0000000000010088        0x4 ../processor_v2_bsp/\libhal_bsp.a(alt_irq_entry.o)
 *(.exceptions.notirq.label)
 .exceptions.notirq.label
                0x000000000001008c        0x0 ../processor_v2_bsp/\libhal_bsp.a(alt_irq_entry.o)
 *(.exceptions.notirq.user)
 *(.exceptions.notirq)
 .exceptions.notirq
                0x000000000001008c        0x8 ../processor_v2_bsp/\libhal_bsp.a(alt_exception_entry.o)
 *(.exceptions.soft.user)
 *(.exceptions.soft)
 *(.exceptions.unknown.user)
 *(.exceptions.unknown)
 .exceptions.unknown
                0x0000000000010094       0x14 ../processor_v2_bsp/\libhal_bsp.a(alt_exception_entry.o)
 *(.exceptions.exit.label)
 .exceptions.exit.label
                0x00000000000100a8        0x0 ../processor_v2_bsp/\libhal_bsp.a(alt_irq_entry.o)
 .exceptions.exit.label
                0x00000000000100a8        0x0 ../processor_v2_bsp/\libhal_bsp.a(alt_exception_entry.o)
 *(.exceptions.exit.user)
 *(.exceptions.exit)
 .exceptions.exit
                0x00000000000100a8       0x54 ../processor_v2_bsp/\libhal_bsp.a(alt_exception_entry.o)
 *(.exceptions)
 .exceptions    0x00000000000100fc       0xd4 ../processor_v2_bsp/\libhal_bsp.a(alt_irq_handler.o)
                0x00000000000100fc                alt_irq_handler
 .exceptions    0x00000000000101d0       0x60 ../processor_v2_bsp/\libhal_bsp.a(alt_instruction_exception_entry.o)
                0x00000000000101d0                alt_instruction_exception_entry
                0x0000000000010230                PROVIDE (__ram_exceptions_end, ABSOLUTE (.))
                0x0000000000010020                PROVIDE (__flash_exceptions_start, LOADADDR (.exceptions))

.text           0x0000000000010230     0x3098
                [!provide]                        PROVIDE (stext, ABSOLUTE (.))
 *(.interp)
 *(.hash)
 *(.dynsym)
 *(.dynstr)
 *(.gnu.version)
 *(.gnu.version_d)
 *(.gnu.version_r)
 *(.rel.init)
 *(.rela.init)
 *(.rel.text .rel.text.* .rel.gnu.linkonce.t.*)
 *(.rela.text .rela.text.* .rela.gnu.linkonce.t.*)
 *(.rel.fini)
 *(.rela.fini)
 *(.rel.rodata .rel.rodata.* .rel.gnu.linkonce.r.*)
 *(.rela.rodata .rela.rodata.* .rela.gnu.linkonce.r.*)
 *(.rel.data .rel.data.* .rel.gnu.linkonce.d.*)
 *(.rela.data .rela.data.* .rela.gnu.linkonce.d.*)
 *(.rel.tdata .rel.tdata.* .rel.gnu.linkonce.td.*)
 *(.rela.tdata .rela.tdata.* .rela.gnu.linkonce.td.*)
 *(.rel.tbss .rel.tbss.* .rel.gnu.linkonce.tb.*)
 *(.rela.tbss .rela.tbss.* .rela.gnu.linkonce.tb.*)
 *(.rel.ctors)
 *(.rela.ctors)
 *(.rel.dtors)
 *(.rela.dtors)
 *(.rel.got)
 *(.rela.got)
 *(.rel.sdata .rel.sdata.* .rel.gnu.linkonce.s.*)
 *(.rela.sdata .rela.sdata.* .rela.gnu.linkonce.s.*)
 *(.rel.sbss .rel.sbss.* .rel.gnu.linkonce.sb.*)
 *(.rela.sbss .rela.sbss.* .rela.gnu.linkonce.sb.*)
 *(.rel.sdata2 .rel.sdata2.* .rel.gnu.linkonce.s2.*)
 *(.rela.sdata2 .rela.sdata2.* .rela.gnu.linkonce.s2.*)
 *(.rel.sbss2 .rel.sbss2.* .rel.gnu.linkonce.sb2.*)
 *(.rela.sbss2 .rela.sbss2.* .rela.gnu.linkonce.sb2.*)
 *(.rel.bss .rel.bss.* .rel.gnu.linkonce.b.*)
 *(.rela.bss .rela.bss.* .rela.gnu.linkonce.b.*)
 *(.rel.plt)
 *(.rela.plt)
 *(.rel.dyn)
 *(.init)
 *(.plt)
 *(.text .stub .text.* .gnu.linkonce.t.*)
 .text          0x0000000000010230       0x3c ../processor_v2_bsp//obj/HAL/src/crt0.o
                0x0000000000010230                _start
 .text          0x000000000001026c      0xa14 obj/default/graphic_top.o
                0x000000000001026c                clear_screen
                0x000000000001035c                set_draw_colour
                0x00000000000103f8                set_draw_data
                0x000000000001046c                checkvalid
                0x00000000000104a4                frame_delay
                0x00000000000104ec                main
 .text          0x0000000000010c80        0x0 c:/intelfpga_lite/18.0/nios2eds/bin/gnu/h-x86_64-mingw32/bin/../lib/gcc/nios2-elf/5.3.0/../../../../../H-x86_64-mingw32/nios2-elf/lib/mno-hw-mul\libc.a(lib_a-clock.o)
 .text.clock    0x0000000000010c80       0x4c c:/intelfpga_lite/18.0/nios2eds/bin/gnu/h-x86_64-mingw32/bin/../lib/gcc/nios2-elf/5.3.0/../../../../../H-x86_64-mingw32/nios2-elf/lib/mno-hw-mul\libc.a(lib_a-clock.o)
                0x0000000000010c80                clock
 .text          0x0000000000010ccc        0x0 c:/intelfpga_lite/18.0/nios2eds/bin/gnu/h-x86_64-mingw32/bin/../lib/gcc/nios2-elf/5.3.0/../../../../../H-x86_64-mingw32/nios2-elf/lib/mno-hw-mul\libc.a(lib_a-impure.o)
 .text          0x0000000000010ccc        0x0 c:/intelfpga_lite/18.0/nios2eds/bin/gnu/h-x86_64-mingw32/bin/../lib/gcc/nios2-elf/5.3.0/../../../../../H-x86_64-mingw32/nios2-elf/lib/mno-hw-mul\libc.a(lib_a-timesr.o)
 .text._times_r
                0x0000000000010ccc        0x8 c:/intelfpga_lite/18.0/nios2eds/bin/gnu/h-x86_64-mingw32/bin/../lib/gcc/nios2-elf/5.3.0/../../../../../H-x86_64-mingw32/nios2-elf/lib/mno-hw-mul\libc.a(lib_a-timesr.o)
                0x0000000000010ccc                _times_r
 .text          0x0000000000010cd4       0xec ../processor_v2_bsp/\libhal_bsp.a(alt_load.o)
                0x0000000000010d3c                alt_load
 .text          0x0000000000010dc0       0x7c ../processor_v2_bsp/\libhal_bsp.a(alt_main.o)
                0x0000000000010dc0                alt_main
 .text          0x0000000000010e3c       0xb4 ../processor_v2_bsp/\libhal_bsp.a(alt_times.o)
                0x0000000000010e78                times
 .text          0x0000000000010ef0       0xd0 ../processor_v2_bsp/\libhal_bsp.a(alt_sys_init.o)
                0x0000000000010f24                alt_irq_init
                0x0000000000010f5c                alt_sys_init
 .text          0x0000000000010fc0      0x164 ../processor_v2_bsp/\libhal_bsp.a(altera_avalon_jtag_uart_fd.o)
                0x0000000000010fc0                altera_avalon_jtag_uart_read_fd
                0x0000000000011020                altera_avalon_jtag_uart_write_fd
                0x0000000000011080                altera_avalon_jtag_uart_close_fd
                0x00000000000110d0                altera_avalon_jtag_uart_ioctl_fd
 .text          0x0000000000011124      0x3d4 ../processor_v2_bsp/\libhal_bsp.a(altera_avalon_jtag_uart_init.o)
                0x0000000000011124                altera_avalon_jtag_uart_init
                0x0000000000011490                altera_avalon_jtag_uart_close
 .text          0x00000000000114f8       0xf0 ../processor_v2_bsp/\libhal_bsp.a(altera_avalon_jtag_uart_ioctl.o)
                0x00000000000114f8                altera_avalon_jtag_uart_ioctl
 .text          0x00000000000115e8      0x21c ../processor_v2_bsp/\libhal_bsp.a(altera_avalon_jtag_uart_read.o)
                0x00000000000115e8                altera_avalon_jtag_uart_read
 .text          0x0000000000011804      0x224 ../processor_v2_bsp/\libhal_bsp.a(altera_avalon_jtag_uart_write.o)
                0x0000000000011804                altera_avalon_jtag_uart_write
 .text          0x0000000000011a28      0x1fc ../processor_v2_bsp/\libhal_bsp.a(altera_avalon_spi.o)
                0x0000000000011a28                alt_avalon_spi_command
 .text          0x0000000000011c24       0xf4 ../processor_v2_bsp/\libhal_bsp.a(altera_avalon_timer_sc.o)
                0x0000000000011c9c                alt_avalon_timer_sc_init
 .text          0x0000000000011d18      0x12c ../processor_v2_bsp/\libhal_bsp.a(alt_alarm_start.o)
                0x0000000000011d18                alt_alarm_start
 .text          0x0000000000011e44      0x114 ../processor_v2_bsp/\libhal_bsp.a(alt_close.o)
                0x0000000000011e80                close
 .text          0x0000000000011f58       0x20 ../processor_v2_bsp/\libhal_bsp.a(alt_dcache_flush_all.o)
                0x0000000000011f58                alt_dcache_flush_all
 .text          0x0000000000011f78       0x2c ../processor_v2_bsp/\libhal_bsp.a(alt_dev.o)
 .text          0x0000000000011fa4       0xe0 ../processor_v2_bsp/\libhal_bsp.a(alt_dev_llist_insert.o)
                0x0000000000011fe0                alt_dev_llist_insert
 .text          0x0000000000012084       0x60 ../processor_v2_bsp/\libhal_bsp.a(alt_do_ctors.o)
                0x0000000000012084                _do_ctors
 .text          0x00000000000120e4       0x60 ../processor_v2_bsp/\libhal_bsp.a(alt_do_dtors.o)
                0x00000000000120e4                _do_dtors
 .text          0x0000000000012144        0x0 ../processor_v2_bsp/\libhal_bsp.a(alt_errno.o)
 .text          0x0000000000012144       0x20 ../processor_v2_bsp/\libhal_bsp.a(alt_icache_flush_all.o)
                0x0000000000012144                alt_icache_flush_all
 .text          0x0000000000012164      0x1b0 ../processor_v2_bsp/\libhal_bsp.a(alt_iic.o)
                0x0000000000012164                alt_ic_isr_register
                0x00000000000121b4                alt_ic_irq_enable
                0x000000000001223c                alt_ic_irq_disable
                0x00000000000122c8                alt_ic_irq_enabled
 .text          0x0000000000012314       0xf0 ../processor_v2_bsp/\libhal_bsp.a(alt_iic_isr_register.o)
                0x0000000000012314                alt_iic_isr_register
 .text          0x0000000000012404      0x160 ../processor_v2_bsp/\libhal_bsp.a(alt_io_redirect.o)
                0x00000000000124e8                alt_io_redirect
 .text          0x0000000000012564        0x0 ../processor_v2_bsp/\libhal_bsp.a(alt_irq_entry.o)
 .text          0x0000000000012564        0x0 ../processor_v2_bsp/\libhal_bsp.a(alt_irq_handler.o)
 .text          0x0000000000012564        0x0 ../processor_v2_bsp/\libhal_bsp.a(alt_irq_vars.o)
 .text          0x0000000000012564      0x284 ../processor_v2_bsp/\libhal_bsp.a(alt_open.o)
                0x000000000001268c                open
 .text          0x00000000000127e8       0x84 ../processor_v2_bsp/\libhal_bsp.a(alt_release_fd.o)
                0x00000000000127e8                alt_release_fd
 .text          0x000000000001286c      0x1a4 ../processor_v2_bsp/\libhal_bsp.a(alt_tick.o)
                0x000000000001286c                alt_alarm_stop
                0x0000000000012908                alt_tick
 .text          0x0000000000012a10       0x24 ../processor_v2_bsp/\libhal_bsp.a(altera_nios2_gen2_irq.o)
                0x0000000000012a10                altera_nios2_gen2_irq_init
 .text          0x0000000000012a34        0x0 ../processor_v2_bsp/\libhal_bsp.a(alt_exception_entry.o)
 .text          0x0000000000012a34       0x90 ../processor_v2_bsp/\libhal_bsp.a(alt_find_dev.o)
                0x0000000000012a34                alt_find_dev
 .text          0x0000000000012ac4      0x108 ../processor_v2_bsp/\libhal_bsp.a(alt_find_file.o)
                0x0000000000012ac4                alt_find_file
 .text          0x0000000000012bcc       0xc4 ../processor_v2_bsp/\libhal_bsp.a(alt_get_fd.o)
                0x0000000000012bcc                alt_get_fd
 .text          0x0000000000012c90       0x9c ../processor_v2_bsp/\libhal_bsp.a(alt_instruction_exception_entry.o)
                0x0000000000012c90                alt_exception_cause_generated_bad_addr
 .text          0x0000000000012d2c        0x0 c:/intelfpga_lite/18.0/nios2eds/bin/gnu/h-x86_64-mingw32/bin/../lib/gcc/nios2-elf/5.3.0/../../../../../H-x86_64-mingw32/nios2-elf/lib/mno-hw-mul\libc.a(lib_a-atexit.o)
 .text.atexit   0x0000000000012d2c       0x14 c:/intelfpga_lite/18.0/nios2eds/bin/gnu/h-x86_64-mingw32/bin/../lib/gcc/nios2-elf/5.3.0/../../../../../H-x86_64-mingw32/nios2-elf/lib/mno-hw-mul\libc.a(lib_a-atexit.o)
                0x0000000000012d2c                atexit
 .text          0x0000000000012d40        0x0 c:/intelfpga_lite/18.0/nios2eds/bin/gnu/h-x86_64-mingw32/bin/../lib/gcc/nios2-elf/5.3.0/../../../../../H-x86_64-mingw32/nios2-elf/lib/mno-hw-mul\libc.a(lib_a-exit.o)
 .text.exit     0x0000000000012d40       0x38 c:/intelfpga_lite/18.0/nios2eds/bin/gnu/h-x86_64-mingw32/bin/../lib/gcc/nios2-elf/5.3.0/../../../../../H-x86_64-mingw32/nios2-elf/lib/mno-hw-mul\libc.a(lib_a-exit.o)
                0x0000000000012d40                exit
 .text          0x0000000000012d78        0x0 c:/intelfpga_lite/18.0/nios2eds/bin/gnu/h-x86_64-mingw32/bin/../lib/gcc/nios2-elf/5.3.0/../../../../../H-x86_64-mingw32/nios2-elf/lib/mno-hw-mul\libc.a(lib_a-int_errno.o)
 .text          0x0000000000012d78        0x0 c:/intelfpga_lite/18.0/nios2eds/bin/gnu/h-x86_64-mingw32/bin/../lib/gcc/nios2-elf/5.3.0/../../../../../H-x86_64-mingw32/nios2-elf/lib/mno-hw-mul\libc.a(lib_a-memcmp.o)
 .text.memcmp   0x0000000000012d78       0x7c c:/intelfpga_lite/18.0/nios2eds/bin/gnu/h-x86_64-mingw32/bin/../lib/gcc/nios2-elf/5.3.0/../../../../../H-x86_64-mingw32/nios2-elf/lib/mno-hw-mul\libc.a(lib_a-memcmp.o)
                0x0000000000012d78                memcmp
 .text          0x0000000000012df4        0x0 c:/intelfpga_lite/18.0/nios2eds/bin/gnu/h-x86_64-mingw32/bin/../lib/gcc/nios2-elf/5.3.0/../../../../../H-x86_64-mingw32/nios2-elf/lib/mno-hw-mul\libc.a(lib_a-memcpy.o)
 .text.memcpy   0x0000000000012df4      0x148 c:/intelfpga_lite/18.0/nios2eds/bin/gnu/h-x86_64-mingw32/bin/../lib/gcc/nios2-elf/5.3.0/../../../../../H-x86_64-mingw32/nios2-elf/lib/mno-hw-mul\libc.a(lib_a-memcpy.o)
                0x0000000000012df4                memcpy
 .text          0x0000000000012f3c        0x0 c:/intelfpga_lite/18.0/nios2eds/bin/gnu/h-x86_64-mingw32/bin/../lib/gcc/nios2-elf/5.3.0/../../../../../H-x86_64-mingw32/nios2-elf/lib/mno-hw-mul\libc.a(lib_a-strlen.o)
 .text.strlen   0x0000000000012f3c       0x98 c:/intelfpga_lite/18.0/nios2eds/bin/gnu/h-x86_64-mingw32/bin/../lib/gcc/nios2-elf/5.3.0/../../../../../H-x86_64-mingw32/nios2-elf/lib/mno-hw-mul\libc.a(lib_a-strlen.o)
                0x0000000000012f3c                strlen
 .text          0x0000000000012fd4        0x0 c:/intelfpga_lite/18.0/nios2eds/bin/gnu/h-x86_64-mingw32/bin/../lib/gcc/nios2-elf/5.3.0/../../../../../H-x86_64-mingw32/nios2-elf/lib/mno-hw-mul\libc.a(lib_a-__atexit.o)
 .text.__register_exitproc
                0x0000000000012fd4      0x118 c:/intelfpga_lite/18.0/nios2eds/bin/gnu/h-x86_64-mingw32/bin/../lib/gcc/nios2-elf/5.3.0/../../../../../H-x86_64-mingw32/nios2-elf/lib/mno-hw-mul\libc.a(lib_a-__atexit.o)
                0x0000000000012fd4                __register_exitproc
 .text          0x00000000000130ec        0x0 c:/intelfpga_lite/18.0/nios2eds/bin/gnu/h-x86_64-mingw32/bin/../lib/gcc/nios2-elf/5.3.0/../../../../../H-x86_64-mingw32/nios2-elf/lib/mno-hw-mul\libc.a(lib_a-__call_atexit.o)
 .text.__call_exitprocs
                0x00000000000130ec      0x180 c:/intelfpga_lite/18.0/nios2eds/bin/gnu/h-x86_64-mingw32/bin/../lib/gcc/nios2-elf/5.3.0/../../../../../H-x86_64-mingw32/nios2-elf/lib/mno-hw-mul\libc.a(lib_a-__call_atexit.o)
                0x00000000000130ec                __call_exitprocs
 .text          0x000000000001326c       0x28 c:/intelfpga_lite/18.0/nios2eds/bin/gnu/h-x86_64-mingw32/bin/../lib/gcc/nios2-elf/5.3.0/mno-hw-mul\libgcc.a(lib2-mul.o)
                0x000000000001326c                __mulsi3
 .text          0x0000000000013294       0x34 ../processor_v2_bsp/\libhal_bsp.a(alt_exit.o)
                0x0000000000013294                _exit
 *(.gnu.warning.*)
 *(.fini)
                [!provide]                        PROVIDE (__etext, ABSOLUTE (.))
                [!provide]                        PROVIDE (_etext, ABSOLUTE (.))
                [!provide]                        PROVIDE (etext, ABSOLUTE (.))
 *(.eh_frame_hdr)
                0x00000000000132c8                . = ALIGN (0x4)
                [!provide]                        PROVIDE (__preinit_array_start, ABSOLUTE (.))
 *(.preinit_array)
                [!provide]                        PROVIDE (__preinit_array_end, ABSOLUTE (.))
                [!provide]                        PROVIDE (__init_array_start, ABSOLUTE (.))
 *(.init_array)
                [!provide]                        PROVIDE (__init_array_end, ABSOLUTE (.))
                [!provide]                        PROVIDE (__fini_array_start, ABSOLUTE (.))
 *(.fini_array)
                [!provide]                        PROVIDE (__fini_array_end, ABSOLUTE (.))
 *(.eh_frame)
 *(.gcc_except_table .gcc_except_table.*)
 *(.dynamic)
                0x00000000000132c8                PROVIDE (__CTOR_LIST__, ABSOLUTE (.))
 *(.ctors)
 *(SORT(.ctors.*))
                0x00000000000132c8                PROVIDE (__CTOR_END__, ABSOLUTE (.))
                0x00000000000132c8                PROVIDE (__DTOR_LIST__, ABSOLUTE (.))
 *(.dtors)
 *(SORT(.dtors.*))
                0x00000000000132c8                PROVIDE (__DTOR_END__, ABSOLUTE (.))
 *(.jcr)
                0x00000000000132c8                . = ALIGN (0x4)

.rodata         0x00000000000132c8       0x30
                0x00000000000132c8                PROVIDE (__ram_rodata_start, ABSOLUTE (.))
                0x00000000000132c8                . = ALIGN (0x4)
 *(.rodata .rodata.* .gnu.linkonce.r.*)
 .rodata.str1.4
                0x00000000000132c8        0x4 c:/intelfpga_lite/18.0/nios2eds/bin/gnu/h-x86_64-mingw32/bin/../lib/gcc/nios2-elf/5.3.0/../../../../../H-x86_64-mingw32/nios2-elf/lib/mno-hw-mul\libc.a(lib_a-impure.o)
                                          0x2 (size before relaxing)
 .rodata        0x00000000000132cc        0xf ../processor_v2_bsp/\libhal_bsp.a(alt_main.o)
 *fill*         0x00000000000132db        0x1 
 .rodata        0x00000000000132dc        0xf ../processor_v2_bsp/\libhal_bsp.a(alt_sys_init.o)
 *fill*         0x00000000000132eb        0x1 
 .rodata        0x00000000000132ec        0xa ../processor_v2_bsp/\libhal_bsp.a(alt_dev.o)
 *(.rodata1)
                0x00000000000132f8                . = ALIGN (0x4)
 *fill*         0x00000000000132f6        0x2 
                0x00000000000132f8                PROVIDE (__ram_rodata_end, ABSOLUTE (.))
                0x00000000000132c8                PROVIDE (__flash_rodata_start, LOADADDR (.rodata))

.rwdata         0x00000000000132f8     0x195c load address 0x0000000000014c54
                0x00000000000132f8                PROVIDE (__ram_rwdata_start, ABSOLUTE (.))
                0x00000000000132f8                . = ALIGN (0x4)
 *(.got.plt)
 *(.got)
 *(.data1)
 *(.data .data.* .gnu.linkonce.d.*)
 .data          0x00000000000132f8        0x0 ../processor_v2_bsp//obj/HAL/src/crt0.o
 .data          0x00000000000132f8      0x2db obj/default/graphic_top.o
                0x00000000000132f8                draw_data
                0x0000000000013303                spank_0
                0x000000000001338b                spank_1
                0x000000000001347f                victory_0
                0x000000000001355b                start_0
                0x000000000001358f                clock_0
                0x00000000000135ab                initdata
 .data          0x00000000000135d3        0x0 c:/intelfpga_lite/18.0/nios2eds/bin/gnu/h-x86_64-mingw32/bin/../lib/gcc/nios2-elf/5.3.0/../../../../../H-x86_64-mingw32/nios2-elf/lib/mno-hw-mul\libc.a(lib_a-clock.o)
 .data          0x00000000000135d3        0x0 c:/intelfpga_lite/18.0/nios2eds/bin/gnu/h-x86_64-mingw32/bin/../lib/gcc/nios2-elf/5.3.0/../../../../../H-x86_64-mingw32/nios2-elf/lib/mno-hw-mul\libc.a(lib_a-impure.o)
 *fill*         0x00000000000135d3        0x1 
 .data.impure_data
                0x00000000000135d4      0x424 c:/intelfpga_lite/18.0/nios2eds/bin/gnu/h-x86_64-mingw32/bin/../lib/gcc/nios2-elf/5.3.0/../../../../../H-x86_64-mingw32/nios2-elf/lib/mno-hw-mul\libc.a(lib_a-impure.o)
 .data          0x00000000000139f8        0x0 c:/intelfpga_lite/18.0/nios2eds/bin/gnu/h-x86_64-mingw32/bin/../lib/gcc/nios2-elf/5.3.0/../../../../../H-x86_64-mingw32/nios2-elf/lib/mno-hw-mul\libc.a(lib_a-timesr.o)
 .data          0x00000000000139f8        0x0 ../processor_v2_bsp/\libhal_bsp.a(alt_load.o)
 .data          0x00000000000139f8        0x0 ../processor_v2_bsp/\libhal_bsp.a(alt_main.o)
 .data          0x00000000000139f8        0x0 ../processor_v2_bsp/\libhal_bsp.a(alt_times.o)
 .data          0x00000000000139f8     0x1060 ../processor_v2_bsp/\libhal_bsp.a(alt_sys_init.o)
 .data          0x0000000000014a58        0x0 ../processor_v2_bsp/\libhal_bsp.a(altera_avalon_jtag_uart_fd.o)
 .data          0x0000000000014a58        0x0 ../processor_v2_bsp/\libhal_bsp.a(altera_avalon_jtag_uart_init.o)
 .data          0x0000000000014a58        0x0 ../processor_v2_bsp/\libhal_bsp.a(altera_avalon_jtag_uart_ioctl.o)
 .data          0x0000000000014a58        0x0 ../processor_v2_bsp/\libhal_bsp.a(altera_avalon_jtag_uart_read.o)
 .data          0x0000000000014a58        0x0 ../processor_v2_bsp/\libhal_bsp.a(altera_avalon_jtag_uart_write.o)
 .data          0x0000000000014a58        0x0 ../processor_v2_bsp/\libhal_bsp.a(altera_avalon_spi.o)
 .data          0x0000000000014a58        0x0 ../processor_v2_bsp/\libhal_bsp.a(altera_avalon_timer_sc.o)
 .data          0x0000000000014a58        0x0 ../processor_v2_bsp/\libhal_bsp.a(alt_alarm_start.o)
 .data          0x0000000000014a58        0x0 ../processor_v2_bsp/\libhal_bsp.a(alt_close.o)
 .data          0x0000000000014a58        0x0 ../processor_v2_bsp/\libhal_bsp.a(alt_dcache_flush_all.o)
 .data          0x0000000000014a58      0x1a8 ../processor_v2_bsp/\libhal_bsp.a(alt_dev.o)
                0x0000000000014a58                alt_dev_null
                0x0000000000014a80                alt_fd_list
 .data          0x0000000000014c00        0x0 ../processor_v2_bsp/\libhal_bsp.a(alt_dev_llist_insert.o)
 .data          0x0000000000014c00        0x0 ../processor_v2_bsp/\libhal_bsp.a(alt_do_ctors.o)
 .data          0x0000000000014c00        0x0 ../processor_v2_bsp/\libhal_bsp.a(alt_do_dtors.o)
 .data          0x0000000000014c00        0x0 ../processor_v2_bsp/\libhal_bsp.a(alt_errno.o)
 .data          0x0000000000014c00        0x0 ../processor_v2_bsp/\libhal_bsp.a(alt_icache_flush_all.o)
 .data          0x0000000000014c00        0x0 ../processor_v2_bsp/\libhal_bsp.a(alt_iic.o)
 .data          0x0000000000014c00        0x0 ../processor_v2_bsp/\libhal_bsp.a(alt_iic_isr_register.o)
 .data          0x0000000000014c00        0x0 ../processor_v2_bsp/\libhal_bsp.a(alt_io_redirect.o)
 .data          0x0000000000014c00        0x0 ../processor_v2_bsp/\libhal_bsp.a(alt_irq_entry.o)
 .data          0x0000000000014c00        0x0 ../processor_v2_bsp/\libhal_bsp.a(alt_irq_handler.o)
 .data          0x0000000000014c00        0x0 ../processor_v2_bsp/\libhal_bsp.a(alt_irq_vars.o)
 .data          0x0000000000014c00        0x0 ../processor_v2_bsp/\libhal_bsp.a(alt_open.o)
 .data          0x0000000000014c00        0x0 ../processor_v2_bsp/\libhal_bsp.a(alt_release_fd.o)
 .data          0x0000000000014c00        0x0 ../processor_v2_bsp/\libhal_bsp.a(alt_tick.o)
 .data          0x0000000000014c00        0x0 ../processor_v2_bsp/\libhal_bsp.a(altera_nios2_gen2_irq.o)
 .data          0x0000000000014c00        0x0 ../processor_v2_bsp/\libhal_bsp.a(alt_exception_entry.o)
 .data          0x0000000000014c00        0x0 ../processor_v2_bsp/\libhal_bsp.a(alt_find_dev.o)
 .data          0x0000000000014c00        0x0 ../processor_v2_bsp/\libhal_bsp.a(alt_find_file.o)
 .data          0x0000000000014c00        0x0 ../processor_v2_bsp/\libhal_bsp.a(alt_get_fd.o)
 .data          0x0000000000014c00        0x0 ../processor_v2_bsp/\libhal_bsp.a(alt_instruction_exception_entry.o)
 .data          0x0000000000014c00        0x0 c:/intelfpga_lite/18.0/nios2eds/bin/gnu/h-x86_64-mingw32/bin/../lib/gcc/nios2-elf/5.3.0/../../../../../H-x86_64-mingw32/nios2-elf/lib/mno-hw-mul\libc.a(lib_a-atexit.o)
 .data          0x0000000000014c00        0x0 c:/intelfpga_lite/18.0/nios2eds/bin/gnu/h-x86_64-mingw32/bin/../lib/gcc/nios2-elf/5.3.0/../../../../../H-x86_64-mingw32/nios2-elf/lib/mno-hw-mul\libc.a(lib_a-exit.o)
 .data          0x0000000000014c00        0x0 c:/intelfpga_lite/18.0/nios2eds/bin/gnu/h-x86_64-mingw32/bin/../lib/gcc/nios2-elf/5.3.0/../../../../../H-x86_64-mingw32/nios2-elf/lib/mno-hw-mul\libc.a(lib_a-int_errno.o)
 .data          0x0000000000014c00        0x0 c:/intelfpga_lite/18.0/nios2eds/bin/gnu/h-x86_64-mingw32/bin/../lib/gcc/nios2-elf/5.3.0/../../../../../H-x86_64-mingw32/nios2-elf/lib/mno-hw-mul\libc.a(lib_a-memcmp.o)
 .data          0x0000000000014c00        0x0 c:/intelfpga_lite/18.0/nios2eds/bin/gnu/h-x86_64-mingw32/bin/../lib/gcc/nios2-elf/5.3.0/../../../../../H-x86_64-mingw32/nios2-elf/lib/mno-hw-mul\libc.a(lib_a-memcpy.o)
 .data          0x0000000000014c00        0x0 c:/intelfpga_lite/18.0/nios2eds/bin/gnu/h-x86_64-mingw32/bin/../lib/gcc/nios2-elf/5.3.0/../../../../../H-x86_64-mingw32/nios2-elf/lib/mno-hw-mul\libc.a(lib_a-strlen.o)
 .data          0x0000000000014c00        0x0 c:/intelfpga_lite/18.0/nios2eds/bin/gnu/h-x86_64-mingw32/bin/../lib/gcc/nios2-elf/5.3.0/../../../../../H-x86_64-mingw32/nios2-elf/lib/mno-hw-mul\libc.a(lib_a-__atexit.o)
 .data          0x0000000000014c00        0x0 c:/intelfpga_lite/18.0/nios2eds/bin/gnu/h-x86_64-mingw32/bin/../lib/gcc/nios2-elf/5.3.0/../../../../../H-x86_64-mingw32/nios2-elf/lib/mno-hw-mul\libc.a(lib_a-__call_atexit.o)
 .data          0x0000000000014c00        0x0 c:/intelfpga_lite/18.0/nios2eds/bin/gnu/h-x86_64-mingw32/bin/../lib/gcc/nios2-elf/5.3.0/mno-hw-mul\libgcc.a(lib2-mul.o)
 .data          0x0000000000014c00        0x0 ../processor_v2_bsp/\libhal_bsp.a(alt_exit.o)
                0x000000000001cc00                _gp = ABSOLUTE ((. + 0x8000))
                [!provide]                        PROVIDE (gp, _gp)
 *(.rwdata .rwdata.*)
 *(.sdata .sdata.* .gnu.linkonce.s.*)
 .sdata         0x0000000000014c00       0x27 obj/default/graphic_top.o
                0x0000000000014c00                clear_data
                0x0000000000014c05                white
                0x0000000000014c0b                green
                0x0000000000014c11                red
                0x0000000000014c17                joy_res_TL
                0x0000000000014c1b                joy_res_TR
                0x0000000000014c1f                joy_res_BL
                0x0000000000014c23                joy_res_BR
 *fill*         0x0000000000014c27        0x1 
 .sdata._global_impure_ptr
                0x0000000000014c28        0x4 c:/intelfpga_lite/18.0/nios2eds/bin/gnu/h-x86_64-mingw32/bin/../lib/gcc/nios2-elf/5.3.0/../../../../../H-x86_64-mingw32/nios2-elf/lib/mno-hw-mul\libc.a(lib_a-impure.o)
                0x0000000000014c28                _global_impure_ptr
 .sdata._impure_ptr
                0x0000000000014c2c        0x4 c:/intelfpga_lite/18.0/nios2eds/bin/gnu/h-x86_64-mingw32/bin/../lib/gcc/nios2-elf/5.3.0/../../../../../H-x86_64-mingw32/nios2-elf/lib/mno-hw-mul\libc.a(lib_a-impure.o)
                0x0000000000014c2c                _impure_ptr
 .sdata         0x0000000000014c30       0x14 ../processor_v2_bsp/\libhal_bsp.a(alt_dev.o)
                0x0000000000014c30                alt_fs_list
                0x0000000000014c38                alt_dev_list
                0x0000000000014c40                alt_max_fd
 .sdata         0x0000000000014c44        0x4 ../processor_v2_bsp/\libhal_bsp.a(alt_errno.o)
                0x0000000000014c44                alt_errno
 .sdata         0x0000000000014c48        0x4 ../processor_v2_bsp/\libhal_bsp.a(alt_irq_vars.o)
                0x0000000000014c48                alt_priority_mask
 .sdata         0x0000000000014c4c        0x8 ../processor_v2_bsp/\libhal_bsp.a(alt_tick.o)
                0x0000000000014c4c                alt_alarm_list
 *(.sdata2 .sdata2.* .gnu.linkonce.s2.*)
                0x0000000000014c54                . = ALIGN (0x4)
                0x0000000000014c54                _edata = ABSOLUTE (.)
                [!provide]                        PROVIDE (edata, ABSOLUTE (.))
                0x0000000000014c54                PROVIDE (__ram_rwdata_end, ABSOLUTE (.))
                0x0000000000014c54                PROVIDE (__flash_rwdata_start, LOADADDR (.rwdata))

.bss            0x00000000000165b0      0x120
                0x00000000000165b0                __bss_start = ABSOLUTE (.)
                [!provide]                        PROVIDE (__sbss_start, ABSOLUTE (.))
                [!provide]                        PROVIDE (___sbss_start, ABSOLUTE (.))
 *(.dynsbss)
 *(.sbss .sbss.* .gnu.linkonce.sb.*)
 .sbss          0x00000000000165b0        0xc ../processor_v2_bsp/\libhal_bsp.a(alt_main.o)
                0x00000000000165b0                alt_argc
                0x00000000000165b4                alt_argv
                0x00000000000165b8                alt_envp
 .sbss          0x00000000000165bc        0x4 ../processor_v2_bsp/\libhal_bsp.a(alt_irq_vars.o)
                0x00000000000165bc                alt_irq_active
 .sbss          0x00000000000165c0        0x8 ../processor_v2_bsp/\libhal_bsp.a(alt_tick.o)
                0x00000000000165c0                _alt_tick_rate
                0x00000000000165c4                _alt_nticks
 .sbss          0x00000000000165c8        0x4 ../processor_v2_bsp/\libhal_bsp.a(alt_instruction_exception_entry.o)
                0x00000000000165c8                alt_instruction_exception_handler
 .sbss          0x00000000000165cc        0x4 c:/intelfpga_lite/18.0/nios2eds/bin/gnu/h-x86_64-mingw32/bin/../lib/gcc/nios2-elf/5.3.0/../../../../../H-x86_64-mingw32/nios2-elf/lib/mno-hw-mul\libc.a(lib_a-int_errno.o)
                0x00000000000165cc                errno
 *(.sbss2 .sbss2.* .gnu.linkonce.sb2.*)
 *(.scommon)
                [!provide]                        PROVIDE (__sbss_end, ABSOLUTE (.))
                [!provide]                        PROVIDE (___sbss_end, ABSOLUTE (.))
 *(.dynbss)
 *(.bss .bss.* .gnu.linkonce.b.*)
 .bss           0x00000000000165d0        0x0 ../processor_v2_bsp//obj/HAL/src/crt0.o
 .bss           0x00000000000165d0        0x0 obj/default/graphic_top.o
 .bss           0x00000000000165d0        0x0 c:/intelfpga_lite/18.0/nios2eds/bin/gnu/h-x86_64-mingw32/bin/../lib/gcc/nios2-elf/5.3.0/../../../../../H-x86_64-mingw32/nios2-elf/lib/mno-hw-mul\libc.a(lib_a-clock.o)
 .bss           0x00000000000165d0        0x0 c:/intelfpga_lite/18.0/nios2eds/bin/gnu/h-x86_64-mingw32/bin/../lib/gcc/nios2-elf/5.3.0/../../../../../H-x86_64-mingw32/nios2-elf/lib/mno-hw-mul\libc.a(lib_a-impure.o)
 .bss           0x00000000000165d0        0x0 c:/intelfpga_lite/18.0/nios2eds/bin/gnu/h-x86_64-mingw32/bin/../lib/gcc/nios2-elf/5.3.0/../../../../../H-x86_64-mingw32/nios2-elf/lib/mno-hw-mul\libc.a(lib_a-timesr.o)
 .bss           0x00000000000165d0        0x0 ../processor_v2_bsp/\libhal_bsp.a(alt_load.o)
 .bss           0x00000000000165d0        0x0 ../processor_v2_bsp/\libhal_bsp.a(alt_main.o)
 .bss           0x00000000000165d0        0x0 ../processor_v2_bsp/\libhal_bsp.a(alt_times.o)
 .bss           0x00000000000165d0        0x0 ../processor_v2_bsp/\libhal_bsp.a(alt_sys_init.o)
 .bss           0x00000000000165d0        0x0 ../processor_v2_bsp/\libhal_bsp.a(altera_avalon_jtag_uart_fd.o)
 .bss           0x00000000000165d0        0x0 ../processor_v2_bsp/\libhal_bsp.a(altera_avalon_jtag_uart_init.o)
 .bss           0x00000000000165d0        0x0 ../processor_v2_bsp/\libhal_bsp.a(altera_avalon_jtag_uart_ioctl.o)
 .bss           0x00000000000165d0        0x0 ../processor_v2_bsp/\libhal_bsp.a(altera_avalon_jtag_uart_read.o)
 .bss           0x00000000000165d0        0x0 ../processor_v2_bsp/\libhal_bsp.a(altera_avalon_jtag_uart_write.o)
 .bss           0x00000000000165d0        0x0 ../processor_v2_bsp/\libhal_bsp.a(altera_avalon_spi.o)
 .bss           0x00000000000165d0        0x0 ../processor_v2_bsp/\libhal_bsp.a(altera_avalon_timer_sc.o)
 .bss           0x00000000000165d0        0x0 ../processor_v2_bsp/\libhal_bsp.a(alt_alarm_start.o)
 .bss           0x00000000000165d0        0x0 ../processor_v2_bsp/\libhal_bsp.a(alt_close.o)
 .bss           0x00000000000165d0        0x0 ../processor_v2_bsp/\libhal_bsp.a(alt_dcache_flush_all.o)
 .bss           0x00000000000165d0        0x0 ../processor_v2_bsp/\libhal_bsp.a(alt_dev.o)
 .bss           0x00000000000165d0        0x0 ../processor_v2_bsp/\libhal_bsp.a(alt_dev_llist_insert.o)
 .bss           0x00000000000165d0        0x0 ../processor_v2_bsp/\libhal_bsp.a(alt_do_ctors.o)
 .bss           0x00000000000165d0        0x0 ../processor_v2_bsp/\libhal_bsp.a(alt_do_dtors.o)
 .bss           0x00000000000165d0        0x0 ../processor_v2_bsp/\libhal_bsp.a(alt_errno.o)
 .bss           0x00000000000165d0        0x0 ../processor_v2_bsp/\libhal_bsp.a(alt_icache_flush_all.o)
 .bss           0x00000000000165d0        0x0 ../processor_v2_bsp/\libhal_bsp.a(alt_iic.o)
 .bss           0x00000000000165d0        0x0 ../processor_v2_bsp/\libhal_bsp.a(alt_iic_isr_register.o)
 .bss           0x00000000000165d0        0x0 ../processor_v2_bsp/\libhal_bsp.a(alt_io_redirect.o)
 .bss           0x00000000000165d0        0x0 ../processor_v2_bsp/\libhal_bsp.a(alt_irq_entry.o)
 .bss           0x00000000000165d0        0x0 ../processor_v2_bsp/\libhal_bsp.a(alt_irq_handler.o)
 .bss           0x00000000000165d0        0x0 ../processor_v2_bsp/\libhal_bsp.a(alt_irq_vars.o)
 .bss           0x00000000000165d0        0x0 ../processor_v2_bsp/\libhal_bsp.a(alt_open.o)
 .bss           0x00000000000165d0        0x0 ../processor_v2_bsp/\libhal_bsp.a(alt_release_fd.o)
 .bss           0x00000000000165d0        0x0 ../processor_v2_bsp/\libhal_bsp.a(alt_tick.o)
 .bss           0x00000000000165d0        0x0 ../processor_v2_bsp/\libhal_bsp.a(altera_nios2_gen2_irq.o)
 .bss           0x00000000000165d0        0x0 ../processor_v2_bsp/\libhal_bsp.a(alt_exception_entry.o)
 .bss           0x00000000000165d0        0x0 ../processor_v2_bsp/\libhal_bsp.a(alt_find_dev.o)
 .bss           0x00000000000165d0        0x0 ../processor_v2_bsp/\libhal_bsp.a(alt_find_file.o)
 .bss           0x00000000000165d0        0x0 ../processor_v2_bsp/\libhal_bsp.a(alt_get_fd.o)
 .bss           0x00000000000165d0        0x0 ../processor_v2_bsp/\libhal_bsp.a(alt_instruction_exception_entry.o)
 .bss           0x00000000000165d0        0x0 c:/intelfpga_lite/18.0/nios2eds/bin/gnu/h-x86_64-mingw32/bin/../lib/gcc/nios2-elf/5.3.0/../../../../../H-x86_64-mingw32/nios2-elf/lib/mno-hw-mul\libc.a(lib_a-atexit.o)
 .bss           0x00000000000165d0        0x0 c:/intelfpga_lite/18.0/nios2eds/bin/gnu/h-x86_64-mingw32/bin/../lib/gcc/nios2-elf/5.3.0/../../../../../H-x86_64-mingw32/nios2-elf/lib/mno-hw-mul\libc.a(lib_a-exit.o)
 .bss           0x00000000000165d0        0x0 c:/intelfpga_lite/18.0/nios2eds/bin/gnu/h-x86_64-mingw32/bin/../lib/gcc/nios2-elf/5.3.0/../../../../../H-x86_64-mingw32/nios2-elf/lib/mno-hw-mul\libc.a(lib_a-int_errno.o)
 .bss           0x00000000000165d0        0x0 c:/intelfpga_lite/18.0/nios2eds/bin/gnu/h-x86_64-mingw32/bin/../lib/gcc/nios2-elf/5.3.0/../../../../../H-x86_64-mingw32/nios2-elf/lib/mno-hw-mul\libc.a(lib_a-memcmp.o)
 .bss           0x00000000000165d0        0x0 c:/intelfpga_lite/18.0/nios2eds/bin/gnu/h-x86_64-mingw32/bin/../lib/gcc/nios2-elf/5.3.0/../../../../../H-x86_64-mingw32/nios2-elf/lib/mno-hw-mul\libc.a(lib_a-memcpy.o)
 .bss           0x00000000000165d0        0x0 c:/intelfpga_lite/18.0/nios2eds/bin/gnu/h-x86_64-mingw32/bin/../lib/gcc/nios2-elf/5.3.0/../../../../../H-x86_64-mingw32/nios2-elf/lib/mno-hw-mul\libc.a(lib_a-strlen.o)
 .bss           0x00000000000165d0        0x0 c:/intelfpga_lite/18.0/nios2eds/bin/gnu/h-x86_64-mingw32/bin/../lib/gcc/nios2-elf/5.3.0/../../../../../H-x86_64-mingw32/nios2-elf/lib/mno-hw-mul\libc.a(lib_a-__atexit.o)
 .bss           0x00000000000165d0        0x0 c:/intelfpga_lite/18.0/nios2eds/bin/gnu/h-x86_64-mingw32/bin/../lib/gcc/nios2-elf/5.3.0/../../../../../H-x86_64-mingw32/nios2-elf/lib/mno-hw-mul\libc.a(lib_a-__call_atexit.o)
 .bss           0x00000000000165d0        0x0 c:/intelfpga_lite/18.0/nios2eds/bin/gnu/h-x86_64-mingw32/bin/../lib/gcc/nios2-elf/5.3.0/mno-hw-mul\libgcc.a(lib2-mul.o)
 .bss           0x00000000000165d0        0x0 ../processor_v2_bsp/\libhal_bsp.a(alt_exit.o)
 *(COMMON)
 COMMON         0x00000000000165d0      0x100 ../processor_v2_bsp/\libhal_bsp.a(alt_irq_handler.o)
                0x00000000000165d0                alt_irq
                0x00000000000166d0                . = ALIGN (0x4)
                0x00000000000166d0                __bss_end = ABSOLUTE (.)

.memory         0x00000000000166d0        0x0
                [!provide]                        PROVIDE (_alt_partition_memory_start, ABSOLUTE (.))
 *(.memory .memory. memory.*)
                0x00000000000166d0                . = ALIGN (0x4)
                [!provide]                        PROVIDE (_alt_partition_memory_end, ABSOLUTE (.))
                0x00000000000166d0                _end = ABSOLUTE (.)
                0x00000000000166d0                end = ABSOLUTE (.)
                0x00000000000166d0                __alt_stack_base = ABSOLUTE (.)
                [!provide]                        PROVIDE (_alt_partition_memory_load_addr, LOADADDR (.memory))

.stab
 *(.stab)

.stabstr
 *(.stabstr)

.stab.excl
 *(.stab.excl)

.stab.exclstr
 *(.stab.exclstr)

.stab.index
 *(.stab.index)

.stab.indexstr
 *(.stab.indexstr)

.comment        0x0000000000000000       0x23
 *(.comment)
 .comment       0x0000000000000000       0x23 obj/default/graphic_top.o
                                         0x24 (size before relaxing)
 .comment       0x0000000000000023       0x24 c:/intelfpga_lite/18.0/nios2eds/bin/gnu/h-x86_64-mingw32/bin/../lib/gcc/nios2-elf/5.3.0/../../../../../H-x86_64-mingw32/nios2-elf/lib/mno-hw-mul\libc.a(lib_a-clock.o)
 .comment       0x0000000000000023       0x24 c:/intelfpga_lite/18.0/nios2eds/bin/gnu/h-x86_64-mingw32/bin/../lib/gcc/nios2-elf/5.3.0/../../../../../H-x86_64-mingw32/nios2-elf/lib/mno-hw-mul\libc.a(lib_a-impure.o)
 .comment       0x0000000000000023       0x24 c:/intelfpga_lite/18.0/nios2eds/bin/gnu/h-x86_64-mingw32/bin/../lib/gcc/nios2-elf/5.3.0/../../../../../H-x86_64-mingw32/nios2-elf/lib/mno-hw-mul\libc.a(lib_a-timesr.o)
 .comment       0x0000000000000023       0x24 ../processor_v2_bsp/\libhal_bsp.a(alt_load.o)
 .comment       0x0000000000000023       0x24 ../processor_v2_bsp/\libhal_bsp.a(alt_main.o)
 .comment       0x0000000000000023       0x24 ../processor_v2_bsp/\libhal_bsp.a(alt_times.o)
 .comment       0x0000000000000023       0x24 ../processor_v2_bsp/\libhal_bsp.a(alt_sys_init.o)
 .comment       0x0000000000000023       0x24 ../processor_v2_bsp/\libhal_bsp.a(altera_avalon_jtag_uart_fd.o)
 .comment       0x0000000000000023       0x24 ../processor_v2_bsp/\libhal_bsp.a(altera_avalon_jtag_uart_init.o)
 .comment       0x0000000000000023       0x24 ../processor_v2_bsp/\libhal_bsp.a(altera_avalon_jtag_uart_ioctl.o)
 .comment       0x0000000000000023       0x24 ../processor_v2_bsp/\libhal_bsp.a(altera_avalon_jtag_uart_read.o)
 .comment       0x0000000000000023       0x24 ../processor_v2_bsp/\libhal_bsp.a(altera_avalon_jtag_uart_write.o)
 .comment       0x0000000000000023       0x24 ../processor_v2_bsp/\libhal_bsp.a(altera_avalon_spi.o)
 .comment       0x0000000000000023       0x24 ../processor_v2_bsp/\libhal_bsp.a(altera_avalon_timer_sc.o)
 .comment       0x0000000000000023       0x24 ../processor_v2_bsp/\libhal_bsp.a(alt_alarm_start.o)
 .comment       0x0000000000000023       0x24 ../processor_v2_bsp/\libhal_bsp.a(alt_close.o)
 .comment       0x0000000000000023       0x24 ../processor_v2_bsp/\libhal_bsp.a(alt_dcache_flush_all.o)
 .comment       0x0000000000000023       0x24 ../processor_v2_bsp/\libhal_bsp.a(alt_dev.o)
 .comment       0x0000000000000023       0x24 ../processor_v2_bsp/\libhal_bsp.a(alt_dev_llist_insert.o)
 .comment       0x0000000000000023       0x24 ../processor_v2_bsp/\libhal_bsp.a(alt_do_ctors.o)
 .comment       0x0000000000000023       0x24 ../processor_v2_bsp/\libhal_bsp.a(alt_do_dtors.o)
 .comment       0x0000000000000023       0x24 ../processor_v2_bsp/\libhal_bsp.a(alt_errno.o)
 .comment       0x0000000000000023       0x24 ../processor_v2_bsp/\libhal_bsp.a(alt_icache_flush_all.o)
 .comment       0x0000000000000023       0x24 ../processor_v2_bsp/\libhal_bsp.a(alt_iic.o)
 .comment       0x0000000000000023       0x24 ../processor_v2_bsp/\libhal_bsp.a(alt_iic_isr_register.o)
 .comment       0x0000000000000023       0x24 ../processor_v2_bsp/\libhal_bsp.a(alt_io_redirect.o)
 .comment       0x0000000000000023       0x24 ../processor_v2_bsp/\libhal_bsp.a(alt_irq_handler.o)
 .comment       0x0000000000000023       0x24 ../processor_v2_bsp/\libhal_bsp.a(alt_irq_vars.o)
 .comment       0x0000000000000023       0x24 ../processor_v2_bsp/\libhal_bsp.a(alt_open.o)
 .comment       0x0000000000000023       0x24 ../processor_v2_bsp/\libhal_bsp.a(alt_release_fd.o)
 .comment       0x0000000000000023       0x24 ../processor_v2_bsp/\libhal_bsp.a(alt_tick.o)
 .comment       0x0000000000000023       0x24 ../processor_v2_bsp/\libhal_bsp.a(altera_nios2_gen2_irq.o)
 .comment       0x0000000000000023       0x24 ../processor_v2_bsp/\libhal_bsp.a(alt_find_dev.o)
 .comment       0x0000000000000023       0x24 ../processor_v2_bsp/\libhal_bsp.a(alt_find_file.o)
 .comment       0x0000000000000023       0x24 ../processor_v2_bsp/\libhal_bsp.a(alt_get_fd.o)
 .comment       0x0000000000000023       0x24 ../processor_v2_bsp/\libhal_bsp.a(alt_instruction_exception_entry.o)
 .comment       0x0000000000000023       0x24 c:/intelfpga_lite/18.0/nios2eds/bin/gnu/h-x86_64-mingw32/bin/../lib/gcc/nios2-elf/5.3.0/../../../../../H-x86_64-mingw32/nios2-elf/lib/mno-hw-mul\libc.a(lib_a-atexit.o)
 .comment       0x0000000000000023       0x24 c:/intelfpga_lite/18.0/nios2eds/bin/gnu/h-x86_64-mingw32/bin/../lib/gcc/nios2-elf/5.3.0/../../../../../H-x86_64-mingw32/nios2-elf/lib/mno-hw-mul\libc.a(lib_a-exit.o)
 .comment       0x0000000000000023       0x24 c:/intelfpga_lite/18.0/nios2eds/bin/gnu/h-x86_64-mingw32/bin/../lib/gcc/nios2-elf/5.3.0/../../../../../H-x86_64-mingw32/nios2-elf/lib/mno-hw-mul\libc.a(lib_a-int_errno.o)
 .comment       0x0000000000000023       0x24 c:/intelfpga_lite/18.0/nios2eds/bin/gnu/h-x86_64-mingw32/bin/../lib/gcc/nios2-elf/5.3.0/../../../../../H-x86_64-mingw32/nios2-elf/lib/mno-hw-mul\libc.a(lib_a-memcmp.o)
 .comment       0x0000000000000023       0x24 c:/intelfpga_lite/18.0/nios2eds/bin/gnu/h-x86_64-mingw32/bin/../lib/gcc/nios2-elf/5.3.0/../../../../../H-x86_64-mingw32/nios2-elf/lib/mno-hw-mul\libc.a(lib_a-memcpy.o)
 .comment       0x0000000000000023       0x24 c:/intelfpga_lite/18.0/nios2eds/bin/gnu/h-x86_64-mingw32/bin/../lib/gcc/nios2-elf/5.3.0/../../../../../H-x86_64-mingw32/nios2-elf/lib/mno-hw-mul\libc.a(lib_a-strlen.o)
 .comment       0x0000000000000023       0x24 c:/intelfpga_lite/18.0/nios2eds/bin/gnu/h-x86_64-mingw32/bin/../lib/gcc/nios2-elf/5.3.0/../../../../../H-x86_64-mingw32/nios2-elf/lib/mno-hw-mul\libc.a(lib_a-__atexit.o)
 .comment       0x0000000000000023       0x24 c:/intelfpga_lite/18.0/nios2eds/bin/gnu/h-x86_64-mingw32/bin/../lib/gcc/nios2-elf/5.3.0/../../../../../H-x86_64-mingw32/nios2-elf/lib/mno-hw-mul\libc.a(lib_a-__call_atexit.o)
 .comment       0x0000000000000023       0x24 c:/intelfpga_lite/18.0/nios2eds/bin/gnu/h-x86_64-mingw32/bin/../lib/gcc/nios2-elf/5.3.0/mno-hw-mul\libgcc.a(lib2-mul.o)
 .comment       0x0000000000000023       0x24 ../processor_v2_bsp/\libhal_bsp.a(alt_exit.o)

.debug
 *(.debug)

.line
 *(.line)

.debug_srcinfo
 *(.debug_srcinfo)

.debug_sfnames
 *(.debug_sfnames)

.debug_aranges  0x0000000000000000      0x658
 *(.debug_aranges)
 .debug_aranges
                0x0000000000000000       0x28 ../processor_v2_bsp//obj/HAL/src/crt0.o
 .debug_aranges
                0x0000000000000028       0x20 obj/default/graphic_top.o
 .debug_aranges
                0x0000000000000048       0x20 c:/intelfpga_lite/18.0/nios2eds/bin/gnu/h-x86_64-mingw32/bin/../lib/gcc/nios2-elf/5.3.0/../../../../../H-x86_64-mingw32/nios2-elf/lib/mno-hw-mul\libc.a(lib_a-clock.o)
 .debug_aranges
                0x0000000000000068       0x18 c:/intelfpga_lite/18.0/nios2eds/bin/gnu/h-x86_64-mingw32/bin/../lib/gcc/nios2-elf/5.3.0/../../../../../H-x86_64-mingw32/nios2-elf/lib/mno-hw-mul\libc.a(lib_a-impure.o)
 .debug_aranges
                0x0000000000000080       0x20 c:/intelfpga_lite/18.0/nios2eds/bin/gnu/h-x86_64-mingw32/bin/../lib/gcc/nios2-elf/5.3.0/../../../../../H-x86_64-mingw32/nios2-elf/lib/mno-hw-mul\libc.a(lib_a-timesr.o)
 .debug_aranges
                0x00000000000000a0       0x20 ../processor_v2_bsp/\libhal_bsp.a(alt_load.o)
 .debug_aranges
                0x00000000000000c0       0x20 ../processor_v2_bsp/\libhal_bsp.a(alt_main.o)
 .debug_aranges
                0x00000000000000e0       0x20 ../processor_v2_bsp/\libhal_bsp.a(alt_times.o)
 .debug_aranges
                0x0000000000000100       0x20 ../processor_v2_bsp/\libhal_bsp.a(alt_sys_init.o)
 .debug_aranges
                0x0000000000000120       0x20 ../processor_v2_bsp/\libhal_bsp.a(altera_avalon_jtag_uart_fd.o)
 .debug_aranges
                0x0000000000000140       0x20 ../processor_v2_bsp/\libhal_bsp.a(altera_avalon_jtag_uart_init.o)
 .debug_aranges
                0x0000000000000160       0x20 ../processor_v2_bsp/\libhal_bsp.a(altera_avalon_jtag_uart_ioctl.o)
 .debug_aranges
                0x0000000000000180       0x20 ../processor_v2_bsp/\libhal_bsp.a(altera_avalon_jtag_uart_read.o)
 .debug_aranges
                0x00000000000001a0       0x20 ../processor_v2_bsp/\libhal_bsp.a(altera_avalon_jtag_uart_write.o)
 .debug_aranges
                0x00000000000001c0       0x20 ../processor_v2_bsp/\libhal_bsp.a(altera_avalon_spi.o)
 .debug_aranges
                0x00000000000001e0       0x20 ../processor_v2_bsp/\libhal_bsp.a(altera_avalon_timer_sc.o)
 .debug_aranges
                0x0000000000000200       0x20 ../processor_v2_bsp/\libhal_bsp.a(alt_alarm_start.o)
 .debug_aranges
                0x0000000000000220       0x20 ../processor_v2_bsp/\libhal_bsp.a(alt_close.o)
 .debug_aranges
                0x0000000000000240       0x20 ../processor_v2_bsp/\libhal_bsp.a(alt_dcache_flush_all.o)
 .debug_aranges
                0x0000000000000260       0x20 ../processor_v2_bsp/\libhal_bsp.a(alt_dev.o)
 .debug_aranges
                0x0000000000000280       0x20 ../processor_v2_bsp/\libhal_bsp.a(alt_dev_llist_insert.o)
 .debug_aranges
                0x00000000000002a0       0x20 ../processor_v2_bsp/\libhal_bsp.a(alt_do_ctors.o)
 .debug_aranges
                0x00000000000002c0       0x20 ../processor_v2_bsp/\libhal_bsp.a(alt_do_dtors.o)
 .debug_aranges
                0x00000000000002e0       0x18 ../processor_v2_bsp/\libhal_bsp.a(alt_errno.o)
 .debug_aranges
                0x00000000000002f8       0x20 ../processor_v2_bsp/\libhal_bsp.a(alt_icache_flush_all.o)
 .debug_aranges
                0x0000000000000318       0x20 ../processor_v2_bsp/\libhal_bsp.a(alt_iic.o)
 .debug_aranges
                0x0000000000000338       0x20 ../processor_v2_bsp/\libhal_bsp.a(alt_iic_isr_register.o)
 .debug_aranges
                0x0000000000000358       0x20 ../processor_v2_bsp/\libhal_bsp.a(alt_io_redirect.o)
 .debug_aranges
                0x0000000000000378       0x30 ../processor_v2_bsp/\libhal_bsp.a(alt_irq_entry.o)
 .debug_aranges
                0x00000000000003a8       0x20 ../processor_v2_bsp/\libhal_bsp.a(alt_irq_handler.o)
 .debug_aranges
                0x00000000000003c8       0x18 ../processor_v2_bsp/\libhal_bsp.a(alt_irq_vars.o)
 .debug_aranges
                0x00000000000003e0       0x20 ../processor_v2_bsp/\libhal_bsp.a(alt_open.o)
 .debug_aranges
                0x0000000000000400       0x20 ../processor_v2_bsp/\libhal_bsp.a(alt_release_fd.o)
 .debug_aranges
                0x0000000000000420       0x20 ../processor_v2_bsp/\libhal_bsp.a(alt_tick.o)
 .debug_aranges
                0x0000000000000440       0x20 ../processor_v2_bsp/\libhal_bsp.a(altera_nios2_gen2_irq.o)
 .debug_aranges
                0x0000000000000460       0x38 ../processor_v2_bsp/\libhal_bsp.a(alt_exception_entry.o)
 .debug_aranges
                0x0000000000000498       0x20 ../processor_v2_bsp/\libhal_bsp.a(alt_find_dev.o)
 .debug_aranges
                0x00000000000004b8       0x20 ../processor_v2_bsp/\libhal_bsp.a(alt_find_file.o)
 .debug_aranges
                0x00000000000004d8       0x20 ../processor_v2_bsp/\libhal_bsp.a(alt_get_fd.o)
 .debug_aranges
                0x00000000000004f8       0x28 ../processor_v2_bsp/\libhal_bsp.a(alt_instruction_exception_entry.o)
 .debug_aranges
                0x0000000000000520       0x20 c:/intelfpga_lite/18.0/nios2eds/bin/gnu/h-x86_64-mingw32/bin/../lib/gcc/nios2-elf/5.3.0/../../../../../H-x86_64-mingw32/nios2-elf/lib/mno-hw-mul\libc.a(lib_a-atexit.o)
 .debug_aranges
                0x0000000000000540       0x20 c:/intelfpga_lite/18.0/nios2eds/bin/gnu/h-x86_64-mingw32/bin/../lib/gcc/nios2-elf/5.3.0/../../../../../H-x86_64-mingw32/nios2-elf/lib/mno-hw-mul\libc.a(lib_a-exit.o)
 .debug_aranges
                0x0000000000000560       0x18 c:/intelfpga_lite/18.0/nios2eds/bin/gnu/h-x86_64-mingw32/bin/../lib/gcc/nios2-elf/5.3.0/../../../../../H-x86_64-mingw32/nios2-elf/lib/mno-hw-mul\libc.a(lib_a-int_errno.o)
 .debug_aranges
                0x0000000000000578       0x20 c:/intelfpga_lite/18.0/nios2eds/bin/gnu/h-x86_64-mingw32/bin/../lib/gcc/nios2-elf/5.3.0/../../../../../H-x86_64-mingw32/nios2-elf/lib/mno-hw-mul\libc.a(lib_a-memcmp.o)
 .debug_aranges
                0x0000000000000598       0x20 c:/intelfpga_lite/18.0/nios2eds/bin/gnu/h-x86_64-mingw32/bin/../lib/gcc/nios2-elf/5.3.0/../../../../../H-x86_64-mingw32/nios2-elf/lib/mno-hw-mul\libc.a(lib_a-memcpy.o)
 .debug_aranges
                0x00000000000005b8       0x20 c:/intelfpga_lite/18.0/nios2eds/bin/gnu/h-x86_64-mingw32/bin/../lib/gcc/nios2-elf/5.3.0/../../../../../H-x86_64-mingw32/nios2-elf/lib/mno-hw-mul\libc.a(lib_a-strlen.o)
 .debug_aranges
                0x00000000000005d8       0x20 c:/intelfpga_lite/18.0/nios2eds/bin/gnu/h-x86_64-mingw32/bin/../lib/gcc/nios2-elf/5.3.0/../../../../../H-x86_64-mingw32/nios2-elf/lib/mno-hw-mul\libc.a(lib_a-__atexit.o)
 .debug_aranges
                0x00000000000005f8       0x20 c:/intelfpga_lite/18.0/nios2eds/bin/gnu/h-x86_64-mingw32/bin/../lib/gcc/nios2-elf/5.3.0/../../../../../H-x86_64-mingw32/nios2-elf/lib/mno-hw-mul\libc.a(lib_a-__call_atexit.o)
 .debug_aranges
                0x0000000000000618       0x20 c:/intelfpga_lite/18.0/nios2eds/bin/gnu/h-x86_64-mingw32/bin/../lib/gcc/nios2-elf/5.3.0/mno-hw-mul\libgcc.a(lib2-mul.o)
 .debug_aranges
                0x0000000000000638       0x20 ../processor_v2_bsp/\libhal_bsp.a(alt_exit.o)

.debug_pubnames
 *(.debug_pubnames)

.debug_info     0x0000000000000000     0x8fb7
 *(.debug_info .gnu.linkonce.wi.*)
 .debug_info    0x0000000000000000       0x81 ../processor_v2_bsp//obj/HAL/src/crt0.o
 .debug_info    0x0000000000000081      0x398 obj/default/graphic_top.o
 .debug_info    0x0000000000000419      0x91a c:/intelfpga_lite/18.0/nios2eds/bin/gnu/h-x86_64-mingw32/bin/../lib/gcc/nios2-elf/5.3.0/../../../../../H-x86_64-mingw32/nios2-elf/lib/mno-hw-mul\libc.a(lib_a-clock.o)
 .debug_info    0x0000000000000d33      0x8a1 c:/intelfpga_lite/18.0/nios2eds/bin/gnu/h-x86_64-mingw32/bin/../lib/gcc/nios2-elf/5.3.0/../../../../../H-x86_64-mingw32/nios2-elf/lib/mno-hw-mul\libc.a(lib_a-impure.o)
 .debug_info    0x00000000000015d4      0x921 c:/intelfpga_lite/18.0/nios2eds/bin/gnu/h-x86_64-mingw32/bin/../lib/gcc/nios2-elf/5.3.0/../../../../../H-x86_64-mingw32/nios2-elf/lib/mno-hw-mul\libc.a(lib_a-timesr.o)
 .debug_info    0x0000000000001ef5      0x145 ../processor_v2_bsp/\libhal_bsp.a(alt_load.o)
 .debug_info    0x000000000000203a      0x131 ../processor_v2_bsp/\libhal_bsp.a(alt_main.o)
 .debug_info    0x000000000000216b      0x19d ../processor_v2_bsp/\libhal_bsp.a(alt_times.o)
 .debug_info    0x0000000000002308      0x4d9 ../processor_v2_bsp/\libhal_bsp.a(alt_sys_init.o)
 .debug_info    0x00000000000027e1      0x52e ../processor_v2_bsp/\libhal_bsp.a(altera_avalon_jtag_uart_fd.o)
 .debug_info    0x0000000000002d0f      0x3a0 ../processor_v2_bsp/\libhal_bsp.a(altera_avalon_jtag_uart_init.o)
 .debug_info    0x00000000000030af      0x280 ../processor_v2_bsp/\libhal_bsp.a(altera_avalon_jtag_uart_ioctl.o)
 .debug_info    0x000000000000332f      0x345 ../processor_v2_bsp/\libhal_bsp.a(altera_avalon_jtag_uart_read.o)
 .debug_info    0x0000000000003674      0x340 ../processor_v2_bsp/\libhal_bsp.a(altera_avalon_jtag_uart_write.o)
 .debug_info    0x00000000000039b4      0x18d ../processor_v2_bsp/\libhal_bsp.a(altera_avalon_spi.o)
 .debug_info    0x0000000000003b41      0x226 ../processor_v2_bsp/\libhal_bsp.a(altera_avalon_timer_sc.o)
 .debug_info    0x0000000000003d67      0x2cc ../processor_v2_bsp/\libhal_bsp.a(alt_alarm_start.o)
 .debug_info    0x0000000000004033      0x321 ../processor_v2_bsp/\libhal_bsp.a(alt_close.o)
 .debug_info    0x0000000000004354       0x92 ../processor_v2_bsp/\libhal_bsp.a(alt_dcache_flush_all.o)
 .debug_info    0x00000000000043e6      0x49c ../processor_v2_bsp/\libhal_bsp.a(alt_dev.o)
 .debug_info    0x0000000000004882      0x1a9 ../processor_v2_bsp/\libhal_bsp.a(alt_dev_llist_insert.o)
 .debug_info    0x0000000000004a2b       0x83 ../processor_v2_bsp/\libhal_bsp.a(alt_do_ctors.o)
 .debug_info    0x0000000000004aae       0x83 ../processor_v2_bsp/\libhal_bsp.a(alt_do_dtors.o)
 .debug_info    0x0000000000004b31       0xa6 ../processor_v2_bsp/\libhal_bsp.a(alt_errno.o)
 .debug_info    0x0000000000004bd7       0x92 ../processor_v2_bsp/\libhal_bsp.a(alt_icache_flush_all.o)
 .debug_info    0x0000000000004c69      0x350 ../processor_v2_bsp/\libhal_bsp.a(alt_iic.o)
 .debug_info    0x0000000000004fb9      0x1ef ../processor_v2_bsp/\libhal_bsp.a(alt_iic_isr_register.o)
 .debug_info    0x00000000000051a8      0x4a5 ../processor_v2_bsp/\libhal_bsp.a(alt_io_redirect.o)
 .debug_info    0x000000000000564d       0x8a ../processor_v2_bsp/\libhal_bsp.a(alt_irq_entry.o)
 .debug_info    0x00000000000056d7      0x187 ../processor_v2_bsp/\libhal_bsp.a(alt_irq_handler.o)
 .debug_info    0x000000000000585e       0x88 ../processor_v2_bsp/\libhal_bsp.a(alt_irq_vars.o)
 .debug_info    0x00000000000058e6      0x3bb ../processor_v2_bsp/\libhal_bsp.a(alt_open.o)
 .debug_info    0x0000000000005ca1      0x2b0 ../processor_v2_bsp/\libhal_bsp.a(alt_release_fd.o)
 .debug_info    0x0000000000005f51      0x299 ../processor_v2_bsp/\libhal_bsp.a(alt_tick.o)
 .debug_info    0x00000000000061ea       0x92 ../processor_v2_bsp/\libhal_bsp.a(altera_nios2_gen2_irq.o)
 .debug_info    0x000000000000627c       0x90 ../processor_v2_bsp/\libhal_bsp.a(alt_exception_entry.o)
 .debug_info    0x000000000000630c      0x2e9 ../processor_v2_bsp/\libhal_bsp.a(alt_find_dev.o)
 .debug_info    0x00000000000065f5      0x2e6 ../processor_v2_bsp/\libhal_bsp.a(alt_find_file.o)
 .debug_info    0x00000000000068db      0x310 ../processor_v2_bsp/\libhal_bsp.a(alt_get_fd.o)
 .debug_info    0x0000000000006beb      0x1e7 ../processor_v2_bsp/\libhal_bsp.a(alt_instruction_exception_entry.o)
 .debug_info    0x0000000000006dd2       0xfe c:/intelfpga_lite/18.0/nios2eds/bin/gnu/h-x86_64-mingw32/bin/../lib/gcc/nios2-elf/5.3.0/../../../../../H-x86_64-mingw32/nios2-elf/lib/mno-hw-mul\libc.a(lib_a-atexit.o)
 .debug_info    0x0000000000006ed0      0x8e4 c:/intelfpga_lite/18.0/nios2eds/bin/gnu/h-x86_64-mingw32/bin/../lib/gcc/nios2-elf/5.3.0/../../../../../H-x86_64-mingw32/nios2-elf/lib/mno-hw-mul\libc.a(lib_a-exit.o)
 .debug_info    0x00000000000077b4       0x8a c:/intelfpga_lite/18.0/nios2eds/bin/gnu/h-x86_64-mingw32/bin/../lib/gcc/nios2-elf/5.3.0/../../../../../H-x86_64-mingw32/nios2-elf/lib/mno-hw-mul\libc.a(lib_a-int_errno.o)
 .debug_info    0x000000000000783e      0x11a c:/intelfpga_lite/18.0/nios2eds/bin/gnu/h-x86_64-mingw32/bin/../lib/gcc/nios2-elf/5.3.0/../../../../../H-x86_64-mingw32/nios2-elf/lib/mno-hw-mul\libc.a(lib_a-memcmp.o)
 .debug_info    0x0000000000007958      0x144 c:/intelfpga_lite/18.0/nios2eds/bin/gnu/h-x86_64-mingw32/bin/../lib/gcc/nios2-elf/5.3.0/../../../../../H-x86_64-mingw32/nios2-elf/lib/mno-hw-mul\libc.a(lib_a-memcpy.o)
 .debug_info    0x0000000000007a9c       0xe2 c:/intelfpga_lite/18.0/nios2eds/bin/gnu/h-x86_64-mingw32/bin/../lib/gcc/nios2-elf/5.3.0/../../../../../H-x86_64-mingw32/nios2-elf/lib/mno-hw-mul\libc.a(lib_a-strlen.o)
 .debug_info    0x0000000000007b7e      0x934 c:/intelfpga_lite/18.0/nios2eds/bin/gnu/h-x86_64-mingw32/bin/../lib/gcc/nios2-elf/5.3.0/../../../../../H-x86_64-mingw32/nios2-elf/lib/mno-hw-mul\libc.a(lib_a-__atexit.o)
 .debug_info    0x00000000000084b2      0x965 c:/intelfpga_lite/18.0/nios2eds/bin/gnu/h-x86_64-mingw32/bin/../lib/gcc/nios2-elf/5.3.0/../../../../../H-x86_64-mingw32/nios2-elf/lib/mno-hw-mul\libc.a(lib_a-__call_atexit.o)
 .debug_info    0x0000000000008e17       0xb4 c:/intelfpga_lite/18.0/nios2eds/bin/gnu/h-x86_64-mingw32/bin/../lib/gcc/nios2-elf/5.3.0/mno-hw-mul\libgcc.a(lib2-mul.o)
 .debug_info    0x0000000000008ecb       0xec ../processor_v2_bsp/\libhal_bsp.a(alt_exit.o)

.debug_abbrev   0x0000000000000000     0x30c9
 *(.debug_abbrev)
 .debug_abbrev  0x0000000000000000       0x12 ../processor_v2_bsp//obj/HAL/src/crt0.o
 .debug_abbrev  0x0000000000000012      0x15c obj/default/graphic_top.o
 .debug_abbrev  0x000000000000016e      0x1f5 c:/intelfpga_lite/18.0/nios2eds/bin/gnu/h-x86_64-mingw32/bin/../lib/gcc/nios2-elf/5.3.0/../../../../../H-x86_64-mingw32/nios2-elf/lib/mno-hw-mul\libc.a(lib_a-clock.o)
 .debug_abbrev  0x0000000000000363      0x18f c:/intelfpga_lite/18.0/nios2eds/bin/gnu/h-x86_64-mingw32/bin/../lib/gcc/nios2-elf/5.3.0/../../../../../H-x86_64-mingw32/nios2-elf/lib/mno-hw-mul\libc.a(lib_a-impure.o)
 .debug_abbrev  0x00000000000004f2      0x1f4 c:/intelfpga_lite/18.0/nios2eds/bin/gnu/h-x86_64-mingw32/bin/../lib/gcc/nios2-elf/5.3.0/../../../../../H-x86_64-mingw32/nios2-elf/lib/mno-hw-mul\libc.a(lib_a-timesr.o)
 .debug_abbrev  0x00000000000006e6       0x9f ../processor_v2_bsp/\libhal_bsp.a(alt_load.o)
 .debug_abbrev  0x0000000000000785       0xba ../processor_v2_bsp/\libhal_bsp.a(alt_main.o)
 .debug_abbrev  0x000000000000083f       0xf1 ../processor_v2_bsp/\libhal_bsp.a(alt_times.o)
 .debug_abbrev  0x0000000000000930      0x187 ../processor_v2_bsp/\libhal_bsp.a(alt_sys_init.o)
 .debug_abbrev  0x0000000000000ab7      0x127 ../processor_v2_bsp/\libhal_bsp.a(altera_avalon_jtag_uart_fd.o)
 .debug_abbrev  0x0000000000000bde      0x19e ../processor_v2_bsp/\libhal_bsp.a(altera_avalon_jtag_uart_init.o)
 .debug_abbrev  0x0000000000000d7c      0x111 ../processor_v2_bsp/\libhal_bsp.a(altera_avalon_jtag_uart_ioctl.o)
 .debug_abbrev  0x0000000000000e8d      0x1aa ../processor_v2_bsp/\libhal_bsp.a(altera_avalon_jtag_uart_read.o)
 .debug_abbrev  0x0000000000001037      0x1a8 ../processor_v2_bsp/\libhal_bsp.a(altera_avalon_jtag_uart_write.o)
 .debug_abbrev  0x00000000000011df       0x8a ../processor_v2_bsp/\libhal_bsp.a(altera_avalon_spi.o)
 .debug_abbrev  0x0000000000001269      0x155 ../processor_v2_bsp/\libhal_bsp.a(altera_avalon_timer_sc.o)
 .debug_abbrev  0x00000000000013be      0x162 ../processor_v2_bsp/\libhal_bsp.a(alt_alarm_start.o)
 .debug_abbrev  0x0000000000001520      0x11f ../processor_v2_bsp/\libhal_bsp.a(alt_close.o)
 .debug_abbrev  0x000000000000163f       0x42 ../processor_v2_bsp/\libhal_bsp.a(alt_dcache_flush_all.o)
 .debug_abbrev  0x0000000000001681       0xd9 ../processor_v2_bsp/\libhal_bsp.a(alt_dev.o)
 .debug_abbrev  0x000000000000175a      0x114 ../processor_v2_bsp/\libhal_bsp.a(alt_dev_llist_insert.o)
 .debug_abbrev  0x000000000000186e       0x79 ../processor_v2_bsp/\libhal_bsp.a(alt_do_ctors.o)
 .debug_abbrev  0x00000000000018e7       0x79 ../processor_v2_bsp/\libhal_bsp.a(alt_do_dtors.o)
 .debug_abbrev  0x0000000000001960       0x5a ../processor_v2_bsp/\libhal_bsp.a(alt_errno.o)
 .debug_abbrev  0x00000000000019ba       0x42 ../processor_v2_bsp/\libhal_bsp.a(alt_icache_flush_all.o)
 .debug_abbrev  0x00000000000019fc      0x163 ../processor_v2_bsp/\libhal_bsp.a(alt_iic.o)
 .debug_abbrev  0x0000000000001b5f      0x169 ../processor_v2_bsp/\libhal_bsp.a(alt_iic_isr_register.o)
 .debug_abbrev  0x0000000000001cc8      0x114 ../processor_v2_bsp/\libhal_bsp.a(alt_io_redirect.o)
 .debug_abbrev  0x0000000000001ddc       0x12 ../processor_v2_bsp/\libhal_bsp.a(alt_irq_entry.o)
 .debug_abbrev  0x0000000000001dee      0x122 ../processor_v2_bsp/\libhal_bsp.a(alt_irq_handler.o)
 .debug_abbrev  0x0000000000001f10       0x40 ../processor_v2_bsp/\libhal_bsp.a(alt_irq_vars.o)
 .debug_abbrev  0x0000000000001f50      0x148 ../processor_v2_bsp/\libhal_bsp.a(alt_open.o)
 .debug_abbrev  0x0000000000002098       0xde ../processor_v2_bsp/\libhal_bsp.a(alt_release_fd.o)
 .debug_abbrev  0x0000000000002176      0x15a ../processor_v2_bsp/\libhal_bsp.a(alt_tick.o)
 .debug_abbrev  0x00000000000022d0       0x42 ../processor_v2_bsp/\libhal_bsp.a(altera_nios2_gen2_irq.o)
 .debug_abbrev  0x0000000000002312       0x12 ../processor_v2_bsp/\libhal_bsp.a(alt_exception_entry.o)
 .debug_abbrev  0x0000000000002324       0xf0 ../processor_v2_bsp/\libhal_bsp.a(alt_find_dev.o)
 .debug_abbrev  0x0000000000002414       0xf0 ../processor_v2_bsp/\libhal_bsp.a(alt_find_file.o)
 .debug_abbrev  0x0000000000002504      0x10d ../processor_v2_bsp/\libhal_bsp.a(alt_get_fd.o)
 .debug_abbrev  0x0000000000002611       0xdc ../processor_v2_bsp/\libhal_bsp.a(alt_instruction_exception_entry.o)
 .debug_abbrev  0x00000000000026ed       0xaa c:/intelfpga_lite/18.0/nios2eds/bin/gnu/h-x86_64-mingw32/bin/../lib/gcc/nios2-elf/5.3.0/../../../../../H-x86_64-mingw32/nios2-elf/lib/mno-hw-mul\libc.a(lib_a-atexit.o)
 .debug_abbrev  0x0000000000002797      0x1e5 c:/intelfpga_lite/18.0/nios2eds/bin/gnu/h-x86_64-mingw32/bin/../lib/gcc/nios2-elf/5.3.0/../../../../../H-x86_64-mingw32/nios2-elf/lib/mno-hw-mul\libc.a(lib_a-exit.o)
 .debug_abbrev  0x000000000000297c       0x37 c:/intelfpga_lite/18.0/nios2eds/bin/gnu/h-x86_64-mingw32/bin/../lib/gcc/nios2-elf/5.3.0/../../../../../H-x86_64-mingw32/nios2-elf/lib/mno-hw-mul\libc.a(lib_a-int_errno.o)
 .debug_abbrev  0x00000000000029b3       0x7f c:/intelfpga_lite/18.0/nios2eds/bin/gnu/h-x86_64-mingw32/bin/../lib/gcc/nios2-elf/5.3.0/../../../../../H-x86_64-mingw32/nios2-elf/lib/mno-hw-mul\libc.a(lib_a-memcmp.o)
 .debug_abbrev  0x0000000000002a32       0xa3 c:/intelfpga_lite/18.0/nios2eds/bin/gnu/h-x86_64-mingw32/bin/../lib/gcc/nios2-elf/5.3.0/../../../../../H-x86_64-mingw32/nios2-elf/lib/mno-hw-mul\libc.a(lib_a-memcpy.o)
 .debug_abbrev  0x0000000000002ad5       0x90 c:/intelfpga_lite/18.0/nios2eds/bin/gnu/h-x86_64-mingw32/bin/../lib/gcc/nios2-elf/5.3.0/../../../../../H-x86_64-mingw32/nios2-elf/lib/mno-hw-mul\libc.a(lib_a-strlen.o)
 .debug_abbrev  0x0000000000002b65      0x21e c:/intelfpga_lite/18.0/nios2eds/bin/gnu/h-x86_64-mingw32/bin/../lib/gcc/nios2-elf/5.3.0/../../../../../H-x86_64-mingw32/nios2-elf/lib/mno-hw-mul\libc.a(lib_a-__atexit.o)
 .debug_abbrev  0x0000000000002d83      0x22e c:/intelfpga_lite/18.0/nios2eds/bin/gnu/h-x86_64-mingw32/bin/../lib/gcc/nios2-elf/5.3.0/../../../../../H-x86_64-mingw32/nios2-elf/lib/mno-hw-mul\libc.a(lib_a-__call_atexit.o)
 .debug_abbrev  0x0000000000002fb1       0x6f c:/intelfpga_lite/18.0/nios2eds/bin/gnu/h-x86_64-mingw32/bin/../lib/gcc/nios2-elf/5.3.0/mno-hw-mul\libgcc.a(lib2-mul.o)
 .debug_abbrev  0x0000000000003020       0xa9 ../processor_v2_bsp/\libhal_bsp.a(alt_exit.o)

.debug_line     0x0000000000000000     0x3249
 *(.debug_line)
 .debug_line    0x0000000000000000       0x66 ../processor_v2_bsp//obj/HAL/src/crt0.o
 .debug_line    0x0000000000000066      0x23d obj/default/graphic_top.o
 .debug_line    0x00000000000002a3      0x200 c:/intelfpga_lite/18.0/nios2eds/bin/gnu/h-x86_64-mingw32/bin/../lib/gcc/nios2-elf/5.3.0/../../../../../H-x86_64-mingw32/nios2-elf/lib/mno-hw-mul\libc.a(lib_a-clock.o)
 .debug_line    0x00000000000004a3      0x160 c:/intelfpga_lite/18.0/nios2eds/bin/gnu/h-x86_64-mingw32/bin/../lib/gcc/nios2-elf/5.3.0/../../../../../H-x86_64-mingw32/nios2-elf/lib/mno-hw-mul\libc.a(lib_a-impure.o)
 .debug_line    0x0000000000000603      0x1f3 c:/intelfpga_lite/18.0/nios2eds/bin/gnu/h-x86_64-mingw32/bin/../lib/gcc/nios2-elf/5.3.0/../../../../../H-x86_64-mingw32/nios2-elf/lib/mno-hw-mul\libc.a(lib_a-timesr.o)
 .debug_line    0x00000000000007f6       0x8e ../processor_v2_bsp/\libhal_bsp.a(alt_load.o)
 .debug_line    0x0000000000000884       0xa4 ../processor_v2_bsp/\libhal_bsp.a(alt_main.o)
 .debug_line    0x0000000000000928      0x136 ../processor_v2_bsp/\libhal_bsp.a(alt_times.o)
 .debug_line    0x0000000000000a5e      0x152 ../processor_v2_bsp/\libhal_bsp.a(alt_sys_init.o)
 .debug_line    0x0000000000000bb0      0x12f ../processor_v2_bsp/\libhal_bsp.a(altera_avalon_jtag_uart_fd.o)
 .debug_line    0x0000000000000cdf      0x18b ../processor_v2_bsp/\libhal_bsp.a(altera_avalon_jtag_uart_init.o)
 .debug_line    0x0000000000000e6a      0x131 ../processor_v2_bsp/\libhal_bsp.a(altera_avalon_jtag_uart_ioctl.o)
 .debug_line    0x0000000000000f9b      0x171 ../processor_v2_bsp/\libhal_bsp.a(altera_avalon_jtag_uart_read.o)
 .debug_line    0x000000000000110c      0x170 ../processor_v2_bsp/\libhal_bsp.a(altera_avalon_jtag_uart_write.o)
 .debug_line    0x000000000000127c       0xb7 ../processor_v2_bsp/\libhal_bsp.a(altera_avalon_spi.o)
 .debug_line    0x0000000000001333       0xfd ../processor_v2_bsp/\libhal_bsp.a(altera_avalon_timer_sc.o)
 .debug_line    0x0000000000001430       0xf9 ../processor_v2_bsp/\libhal_bsp.a(alt_alarm_start.o)
 .debug_line    0x0000000000001529      0x165 ../processor_v2_bsp/\libhal_bsp.a(alt_close.o)
 .debug_line    0x000000000000168e       0x51 ../processor_v2_bsp/\libhal_bsp.a(alt_dcache_flush_all.o)
 .debug_line    0x00000000000016df       0xf8 ../processor_v2_bsp/\libhal_bsp.a(alt_dev.o)
 .debug_line    0x00000000000017d7       0xcf ../processor_v2_bsp/\libhal_bsp.a(alt_dev_llist_insert.o)
 .debug_line    0x00000000000018a6       0x59 ../processor_v2_bsp/\libhal_bsp.a(alt_do_ctors.o)
 .debug_line    0x00000000000018ff       0x59 ../processor_v2_bsp/\libhal_bsp.a(alt_do_dtors.o)
 .debug_line    0x0000000000001958       0x51 ../processor_v2_bsp/\libhal_bsp.a(alt_errno.o)
 .debug_line    0x00000000000019a9       0x4f ../processor_v2_bsp/\libhal_bsp.a(alt_icache_flush_all.o)
 .debug_line    0x00000000000019f8       0xeb ../processor_v2_bsp/\libhal_bsp.a(alt_iic.o)
 .debug_line    0x0000000000001ae3       0xdb ../processor_v2_bsp/\libhal_bsp.a(alt_iic_isr_register.o)
 .debug_line    0x0000000000001bbe      0x135 ../processor_v2_bsp/\libhal_bsp.a(alt_io_redirect.o)
 .debug_line    0x0000000000001cf3       0x6b ../processor_v2_bsp/\libhal_bsp.a(alt_irq_entry.o)
 .debug_line    0x0000000000001d5e       0xaa ../processor_v2_bsp/\libhal_bsp.a(alt_irq_handler.o)
 .debug_line    0x0000000000001e08       0x50 ../processor_v2_bsp/\libhal_bsp.a(alt_irq_vars.o)
 .debug_line    0x0000000000001e58      0x12b ../processor_v2_bsp/\libhal_bsp.a(alt_open.o)
 .debug_line    0x0000000000001f83       0xb0 ../processor_v2_bsp/\libhal_bsp.a(alt_release_fd.o)
 .debug_line    0x0000000000002033       0xff ../processor_v2_bsp/\libhal_bsp.a(alt_tick.o)
 .debug_line    0x0000000000002132       0x51 ../processor_v2_bsp/\libhal_bsp.a(altera_nios2_gen2_irq.o)
 .debug_line    0x0000000000002183       0xb3 ../processor_v2_bsp/\libhal_bsp.a(alt_exception_entry.o)
 .debug_line    0x0000000000002236       0xb5 ../processor_v2_bsp/\libhal_bsp.a(alt_find_dev.o)
 .debug_line    0x00000000000022eb       0xd1 ../processor_v2_bsp/\libhal_bsp.a(alt_find_file.o)
 .debug_line    0x00000000000023bc       0xd7 ../processor_v2_bsp/\libhal_bsp.a(alt_get_fd.o)
 .debug_line    0x0000000000002493       0xb9 ../processor_v2_bsp/\libhal_bsp.a(alt_instruction_exception_entry.o)
 .debug_line    0x000000000000254c       0xe7 c:/intelfpga_lite/18.0/nios2eds/bin/gnu/h-x86_64-mingw32/bin/../lib/gcc/nios2-elf/5.3.0/../../../../../H-x86_64-mingw32/nios2-elf/lib/mno-hw-mul\libc.a(lib_a-atexit.o)
 .debug_line    0x0000000000002633      0x1fc c:/intelfpga_lite/18.0/nios2eds/bin/gnu/h-x86_64-mingw32/bin/../lib/gcc/nios2-elf/5.3.0/../../../../../H-x86_64-mingw32/nios2-elf/lib/mno-hw-mul\libc.a(lib_a-exit.o)
 .debug_line    0x000000000000282f       0x5f c:/intelfpga_lite/18.0/nios2eds/bin/gnu/h-x86_64-mingw32/bin/../lib/gcc/nios2-elf/5.3.0/../../../../../H-x86_64-mingw32/nios2-elf/lib/mno-hw-mul\libc.a(lib_a-int_errno.o)
 .debug_line    0x000000000000288e      0x176 c:/intelfpga_lite/18.0/nios2eds/bin/gnu/h-x86_64-mingw32/bin/../lib/gcc/nios2-elf/5.3.0/../../../../../H-x86_64-mingw32/nios2-elf/lib/mno-hw-mul\libc.a(lib_a-memcmp.o)
 .debug_line    0x0000000000002a04      0x18c c:/intelfpga_lite/18.0/nios2eds/bin/gnu/h-x86_64-mingw32/bin/../lib/gcc/nios2-elf/5.3.0/../../../../../H-x86_64-mingw32/nios2-elf/lib/mno-hw-mul\libc.a(lib_a-memcpy.o)
 .debug_line    0x0000000000002b90      0x16f c:/intelfpga_lite/18.0/nios2eds/bin/gnu/h-x86_64-mingw32/bin/../lib/gcc/nios2-elf/5.3.0/../../../../../H-x86_64-mingw32/nios2-elf/lib/mno-hw-mul\libc.a(lib_a-strlen.o)
 .debug_line    0x0000000000002cff      0x21f c:/intelfpga_lite/18.0/nios2eds/bin/gnu/h-x86_64-mingw32/bin/../lib/gcc/nios2-elf/5.3.0/../../../../../H-x86_64-mingw32/nios2-elf/lib/mno-hw-mul\libc.a(lib_a-__atexit.o)
 .debug_line    0x0000000000002f1e      0x23a c:/intelfpga_lite/18.0/nios2eds/bin/gnu/h-x86_64-mingw32/bin/../lib/gcc/nios2-elf/5.3.0/../../../../../H-x86_64-mingw32/nios2-elf/lib/mno-hw-mul\libc.a(lib_a-__call_atexit.o)
 .debug_line    0x0000000000003158       0x80 c:/intelfpga_lite/18.0/nios2eds/bin/gnu/h-x86_64-mingw32/bin/../lib/gcc/nios2-elf/5.3.0/mno-hw-mul\libgcc.a(lib2-mul.o)
 .debug_line    0x00000000000031d8       0x71 ../processor_v2_bsp/\libhal_bsp.a(alt_exit.o)

.debug_frame    0x0000000000000000      0xca0
 *(.debug_frame)
 .debug_frame   0x0000000000000000       0xe8 obj/default/graphic_top.o
 .debug_frame   0x00000000000000e8       0x2c c:/intelfpga_lite/18.0/nios2eds/bin/gnu/h-x86_64-mingw32/bin/../lib/gcc/nios2-elf/5.3.0/../../../../../H-x86_64-mingw32/nios2-elf/lib/mno-hw-mul\libc.a(lib_a-clock.o)
 .debug_frame   0x0000000000000114       0x20 c:/intelfpga_lite/18.0/nios2eds/bin/gnu/h-x86_64-mingw32/bin/../lib/gcc/nios2-elf/5.3.0/../../../../../H-x86_64-mingw32/nios2-elf/lib/mno-hw-mul\libc.a(lib_a-timesr.o)
 .debug_frame   0x0000000000000134       0x5c ../processor_v2_bsp/\libhal_bsp.a(alt_load.o)
 .debug_frame   0x0000000000000190       0x2c ../processor_v2_bsp/\libhal_bsp.a(alt_main.o)
 .debug_frame   0x00000000000001bc       0x60 ../processor_v2_bsp/\libhal_bsp.a(alt_times.o)
 .debug_frame   0x000000000000021c       0x88 ../processor_v2_bsp/\libhal_bsp.a(alt_sys_init.o)
 .debug_frame   0x00000000000002a4       0xb0 ../processor_v2_bsp/\libhal_bsp.a(altera_avalon_jtag_uart_fd.o)
 .debug_frame   0x0000000000000354       0xa4 ../processor_v2_bsp/\libhal_bsp.a(altera_avalon_jtag_uart_init.o)
 .debug_frame   0x00000000000003f8       0x34 ../processor_v2_bsp/\libhal_bsp.a(altera_avalon_jtag_uart_ioctl.o)
 .debug_frame   0x000000000000042c       0x38 ../processor_v2_bsp/\libhal_bsp.a(altera_avalon_jtag_uart_read.o)
 .debug_frame   0x0000000000000464       0x38 ../processor_v2_bsp/\libhal_bsp.a(altera_avalon_jtag_uart_write.o)
 .debug_frame   0x000000000000049c       0x34 ../processor_v2_bsp/\libhal_bsp.a(altera_avalon_spi.o)
 .debug_frame   0x00000000000004d0       0x60 ../processor_v2_bsp/\libhal_bsp.a(altera_avalon_timer_sc.o)
 .debug_frame   0x0000000000000530       0x34 ../processor_v2_bsp/\libhal_bsp.a(alt_alarm_start.o)
 .debug_frame   0x0000000000000564       0x60 ../processor_v2_bsp/\libhal_bsp.a(alt_close.o)
 .debug_frame   0x00000000000005c4       0x34 ../processor_v2_bsp/\libhal_bsp.a(alt_dcache_flush_all.o)
 .debug_frame   0x00000000000005f8       0x34 ../processor_v2_bsp/\libhal_bsp.a(alt_dev.o)
 .debug_frame   0x000000000000062c       0x60 ../processor_v2_bsp/\libhal_bsp.a(alt_dev_llist_insert.o)
 .debug_frame   0x000000000000068c       0x38 ../processor_v2_bsp/\libhal_bsp.a(alt_do_ctors.o)
 .debug_frame   0x00000000000006c4       0x38 ../processor_v2_bsp/\libhal_bsp.a(alt_do_dtors.o)
 .debug_frame   0x00000000000006fc       0x34 ../processor_v2_bsp/\libhal_bsp.a(alt_icache_flush_all.o)
 .debug_frame   0x0000000000000730       0xa4 ../processor_v2_bsp/\libhal_bsp.a(alt_iic.o)
 .debug_frame   0x00000000000007d4       0x38 ../processor_v2_bsp/\libhal_bsp.a(alt_iic_isr_register.o)
 .debug_frame   0x000000000000080c       0x64 ../processor_v2_bsp/\libhal_bsp.a(alt_io_redirect.o)
 .debug_frame   0x0000000000000870       0x38 ../processor_v2_bsp/\libhal_bsp.a(alt_irq_handler.o)
 .debug_frame   0x00000000000008a8       0x8c ../processor_v2_bsp/\libhal_bsp.a(alt_open.o)
 .debug_frame   0x0000000000000934       0x3c ../processor_v2_bsp/\libhal_bsp.a(alt_release_fd.o)
 .debug_frame   0x0000000000000970       0x5c ../processor_v2_bsp/\libhal_bsp.a(alt_tick.o)
 .debug_frame   0x00000000000009cc       0x34 ../processor_v2_bsp/\libhal_bsp.a(altera_nios2_gen2_irq.o)
 .debug_frame   0x0000000000000a00       0x38 ../processor_v2_bsp/\libhal_bsp.a(alt_find_dev.o)
 .debug_frame   0x0000000000000a38       0x38 ../processor_v2_bsp/\libhal_bsp.a(alt_find_file.o)
 .debug_frame   0x0000000000000a70       0x3c ../processor_v2_bsp/\libhal_bsp.a(alt_get_fd.o)
 .debug_frame   0x0000000000000aac       0x5c ../processor_v2_bsp/\libhal_bsp.a(alt_instruction_exception_entry.o)
 .debug_frame   0x0000000000000b08       0x20 c:/intelfpga_lite/18.0/nios2eds/bin/gnu/h-x86_64-mingw32/bin/../lib/gcc/nios2-elf/5.3.0/../../../../../H-x86_64-mingw32/nios2-elf/lib/mno-hw-mul\libc.a(lib_a-atexit.o)
 .debug_frame   0x0000000000000b28       0x28 c:/intelfpga_lite/18.0/nios2eds/bin/gnu/h-x86_64-mingw32/bin/../lib/gcc/nios2-elf/5.3.0/../../../../../H-x86_64-mingw32/nios2-elf/lib/mno-hw-mul\libc.a(lib_a-exit.o)
 .debug_frame   0x0000000000000b50       0x20 c:/intelfpga_lite/18.0/nios2eds/bin/gnu/h-x86_64-mingw32/bin/../lib/gcc/nios2-elf/5.3.0/../../../../../H-x86_64-mingw32/nios2-elf/lib/mno-hw-mul\libc.a(lib_a-memcmp.o)
 .debug_frame   0x0000000000000b70       0x38 c:/intelfpga_lite/18.0/nios2eds/bin/gnu/h-x86_64-mingw32/bin/../lib/gcc/nios2-elf/5.3.0/../../../../../H-x86_64-mingw32/nios2-elf/lib/mno-hw-mul\libc.a(lib_a-memcpy.o)
 .debug_frame   0x0000000000000ba8       0x20 c:/intelfpga_lite/18.0/nios2eds/bin/gnu/h-x86_64-mingw32/bin/../lib/gcc/nios2-elf/5.3.0/../../../../../H-x86_64-mingw32/nios2-elf/lib/mno-hw-mul\libc.a(lib_a-strlen.o)
 .debug_frame   0x0000000000000bc8       0x38 c:/intelfpga_lite/18.0/nios2eds/bin/gnu/h-x86_64-mingw32/bin/../lib/gcc/nios2-elf/5.3.0/../../../../../H-x86_64-mingw32/nios2-elf/lib/mno-hw-mul\libc.a(lib_a-__atexit.o)
 .debug_frame   0x0000000000000c00       0x54 c:/intelfpga_lite/18.0/nios2eds/bin/gnu/h-x86_64-mingw32/bin/../lib/gcc/nios2-elf/5.3.0/../../../../../H-x86_64-mingw32/nios2-elf/lib/mno-hw-mul\libc.a(lib_a-__call_atexit.o)
 .debug_frame   0x0000000000000c54       0x20 c:/intelfpga_lite/18.0/nios2eds/bin/gnu/h-x86_64-mingw32/bin/../lib/gcc/nios2-elf/5.3.0/mno-hw-mul\libgcc.a(lib2-mul.o)
 .debug_frame   0x0000000000000c74       0x2c ../processor_v2_bsp/\libhal_bsp.a(alt_exit.o)

.debug_str      0x0000000000000000     0x1f47
 *(.debug_str)
 .debug_str     0x0000000000000000      0x22c obj/default/graphic_top.o
                                        0x28b (size before relaxing)
 .debug_str     0x000000000000022c      0x4c9 c:/intelfpga_lite/18.0/nios2eds/bin/gnu/h-x86_64-mingw32/bin/../lib/gcc/nios2-elf/5.3.0/../../../../../H-x86_64-mingw32/nios2-elf/lib/mno-hw-mul\libc.a(lib_a-clock.o)
                                        0x5da (size before relaxing)
 .debug_str     0x00000000000006f5       0xe9 c:/intelfpga_lite/18.0/nios2eds/bin/gnu/h-x86_64-mingw32/bin/../lib/gcc/nios2-elf/5.3.0/../../../../../H-x86_64-mingw32/nios2-elf/lib/mno-hw-mul\libc.a(lib_a-impure.o)
                                        0x5b5 (size before relaxing)
 .debug_str     0x00000000000007de       0x47 c:/intelfpga_lite/18.0/nios2eds/bin/gnu/h-x86_64-mingw32/bin/../lib/gcc/nios2-elf/5.3.0/../../../../../H-x86_64-mingw32/nios2-elf/lib/mno-hw-mul\libc.a(lib_a-timesr.o)
                                        0x5d0 (size before relaxing)
 .debug_str     0x0000000000000825      0x13e ../processor_v2_bsp/\libhal_bsp.a(alt_load.o)
                                        0x225 (size before relaxing)
 .debug_str     0x0000000000000963       0x70 ../processor_v2_bsp/\libhal_bsp.a(alt_main.o)
                                        0x1b0 (size before relaxing)
 .debug_str     0x00000000000009d3       0x5c ../processor_v2_bsp/\libhal_bsp.a(alt_times.o)
                                        0x1e7 (size before relaxing)
 .debug_str     0x0000000000000a2f      0x1bd ../processor_v2_bsp/\libhal_bsp.a(alt_sys_init.o)
                                        0x3a1 (size before relaxing)
 .debug_str     0x0000000000000bec       0xb9 ../processor_v2_bsp/\libhal_bsp.a(altera_avalon_jtag_uart_fd.o)
                                        0x3b7 (size before relaxing)
 .debug_str     0x0000000000000ca5       0xbc ../processor_v2_bsp/\libhal_bsp.a(altera_avalon_jtag_uart_init.o)
                                        0x34b (size before relaxing)
 .debug_str     0x0000000000000d61       0x4a ../processor_v2_bsp/\libhal_bsp.a(altera_avalon_jtag_uart_ioctl.o)
                                        0x2a6 (size before relaxing)
 .debug_str     0x0000000000000dab       0x7f ../processor_v2_bsp/\libhal_bsp.a(altera_avalon_jtag_uart_read.o)
                                        0x2fb (size before relaxing)
 .debug_str     0x0000000000000e2a       0x4a ../processor_v2_bsp/\libhal_bsp.a(altera_avalon_jtag_uart_write.o)
                                        0x2fc (size before relaxing)
 .debug_str     0x0000000000000e74       0xb3 ../processor_v2_bsp/\libhal_bsp.a(altera_avalon_spi.o)
                                        0x1f3 (size before relaxing)
 .debug_str     0x0000000000000f27       0x6d ../processor_v2_bsp/\libhal_bsp.a(altera_avalon_timer_sc.o)
                                        0x25e (size before relaxing)
 .debug_str     0x0000000000000f94       0x59 ../processor_v2_bsp/\libhal_bsp.a(alt_alarm_start.o)
                                        0x291 (size before relaxing)
 .debug_str     0x0000000000000fed       0x2c ../processor_v2_bsp/\libhal_bsp.a(alt_close.o)
                                        0x21e (size before relaxing)
 .debug_str     0x0000000000001019       0x34 ../processor_v2_bsp/\libhal_bsp.a(alt_dcache_flush_all.o)
                                        0x168 (size before relaxing)
 .debug_str     0x000000000000104d      0x112 ../processor_v2_bsp/\libhal_bsp.a(alt_dev.o)
                                        0x318 (size before relaxing)
 .debug_str     0x000000000000115f       0x34 ../processor_v2_bsp/\libhal_bsp.a(alt_dev_llist_insert.o)
                                        0x1df (size before relaxing)
 .debug_str     0x0000000000001193       0x48 ../processor_v2_bsp/\libhal_bsp.a(alt_do_ctors.o)
                                         0xe3 (size before relaxing)
 .debug_str     0x00000000000011db       0x4c ../processor_v2_bsp/\libhal_bsp.a(alt_do_dtors.o)
                                         0xe2 (size before relaxing)
 .debug_str     0x0000000000001227       0x14 ../processor_v2_bsp/\libhal_bsp.a(alt_errno.o)
                                        0x158 (size before relaxing)
 .debug_str     0x000000000000123b       0x34 ../processor_v2_bsp/\libhal_bsp.a(alt_icache_flush_all.o)
                                        0x168 (size before relaxing)
 .debug_str     0x000000000000126f       0xbd ../processor_v2_bsp/\libhal_bsp.a(alt_iic.o)
                                        0x251 (size before relaxing)
 .debug_str     0x000000000000132c       0x4c ../processor_v2_bsp/\libhal_bsp.a(alt_iic_isr_register.o)
                                        0x1fb (size before relaxing)
 .debug_str     0x0000000000001378       0x56 ../processor_v2_bsp/\libhal_bsp.a(alt_io_redirect.o)
                                        0x329 (size before relaxing)
 .debug_str     0x00000000000013ce       0x3a ../processor_v2_bsp/\libhal_bsp.a(alt_irq_handler.o)
                                        0x1aa (size before relaxing)
 .debug_str     0x0000000000001408       0x17 ../processor_v2_bsp/\libhal_bsp.a(alt_irq_vars.o)
                                        0x14d (size before relaxing)
 .debug_str     0x000000000000141f       0x2f ../processor_v2_bsp/\libhal_bsp.a(alt_open.o)
                                        0x25e (size before relaxing)
 .debug_str     0x000000000000144e       0x28 ../processor_v2_bsp/\libhal_bsp.a(alt_release_fd.o)
                                        0x1e6 (size before relaxing)
 .debug_str     0x0000000000001476       0x4a ../processor_v2_bsp/\libhal_bsp.a(alt_tick.o)
                                        0x265 (size before relaxing)
 .debug_str     0x00000000000014c0       0x3b ../processor_v2_bsp/\libhal_bsp.a(altera_nios2_gen2_irq.o)
                                        0x16f (size before relaxing)
 .debug_str     0x00000000000014fb       0x24 ../processor_v2_bsp/\libhal_bsp.a(alt_find_dev.o)
                                        0x1ff (size before relaxing)
 .debug_str     0x000000000000151f       0x26 ../processor_v2_bsp/\libhal_bsp.a(alt_find_file.o)
                                        0x20d (size before relaxing)
 .debug_str     0x0000000000001545       0x30 ../processor_v2_bsp/\libhal_bsp.a(alt_get_fd.o)
                                        0x22f (size before relaxing)
 .debug_str     0x0000000000001575      0x48b ../processor_v2_bsp/\libhal_bsp.a(alt_instruction_exception_entry.o)
                                        0x5b3 (size before relaxing)
 .debug_str     0x0000000000001a00      0x110 c:/intelfpga_lite/18.0/nios2eds/bin/gnu/h-x86_64-mingw32/bin/../lib/gcc/nios2-elf/5.3.0/../../../../../H-x86_64-mingw32/nios2-elf/lib/mno-hw-mul\libc.a(lib_a-atexit.o)
                                        0x221 (size before relaxing)
 .debug_str     0x0000000000001b10       0x4c c:/intelfpga_lite/18.0/nios2eds/bin/gnu/h-x86_64-mingw32/bin/../lib/gcc/nios2-elf/5.3.0/../../../../../H-x86_64-mingw32/nios2-elf/lib/mno-hw-mul\libc.a(lib_a-exit.o)
                                        0x5be (size before relaxing)
 .debug_str     0x0000000000001b5c       0x3f c:/intelfpga_lite/18.0/nios2eds/bin/gnu/h-x86_64-mingw32/bin/../lib/gcc/nios2-elf/5.3.0/../../../../../H-x86_64-mingw32/nios2-elf/lib/mno-hw-mul\libc.a(lib_a-int_errno.o)
                                        0x1dd (size before relaxing)
 .debug_str     0x0000000000001b9b       0xda c:/intelfpga_lite/18.0/nios2eds/bin/gnu/h-x86_64-mingw32/bin/../lib/gcc/nios2-elf/5.3.0/../../../../../H-x86_64-mingw32/nios2-elf/lib/mno-hw-mul\libc.a(lib_a-memcmp.o)
                                        0x1e4 (size before relaxing)
 .debug_str     0x0000000000001c75       0x6b c:/intelfpga_lite/18.0/nios2eds/bin/gnu/h-x86_64-mingw32/bin/../lib/gcc/nios2-elf/5.3.0/../../../../../H-x86_64-mingw32/nios2-elf/lib/mno-hw-mul\libc.a(lib_a-memcpy.o)
                                        0x20b (size before relaxing)
 .debug_str     0x0000000000001ce0       0x51 c:/intelfpga_lite/18.0/nios2eds/bin/gnu/h-x86_64-mingw32/bin/../lib/gcc/nios2-elf/5.3.0/../../../../../H-x86_64-mingw32/nios2-elf/lib/mno-hw-mul\libc.a(lib_a-strlen.o)
                                        0x1f7 (size before relaxing)
 .debug_str     0x0000000000001d31       0x3f c:/intelfpga_lite/18.0/nios2eds/bin/gnu/h-x86_64-mingw32/bin/../lib/gcc/nios2-elf/5.3.0/../../../../../H-x86_64-mingw32/nios2-elf/lib/mno-hw-mul\libc.a(lib_a-__atexit.o)
                                        0x5f6 (size before relaxing)
 .debug_str     0x0000000000001d70       0x65 c:/intelfpga_lite/18.0/nios2eds/bin/gnu/h-x86_64-mingw32/bin/../lib/gcc/nios2-elf/5.3.0/../../../../../H-x86_64-mingw32/nios2-elf/lib/mno-hw-mul\libc.a(lib_a-__call_atexit.o)
                                        0x5e2 (size before relaxing)
 .debug_str     0x0000000000001dd5      0x148 c:/intelfpga_lite/18.0/nios2eds/bin/gnu/h-x86_64-mingw32/bin/../lib/gcc/nios2-elf/5.3.0/mno-hw-mul\libgcc.a(lib2-mul.o)
                                        0x193 (size before relaxing)
 .debug_str     0x0000000000001f1d       0x2a ../processor_v2_bsp/\libhal_bsp.a(alt_exit.o)
                                        0x164 (size before relaxing)

.debug_loc      0x0000000000000000      0x863
 *(.debug_loc)
 .debug_loc     0x0000000000000000       0x1e c:/intelfpga_lite/18.0/nios2eds/bin/gnu/h-x86_64-mingw32/bin/../lib/gcc/nios2-elf/5.3.0/../../../../../H-x86_64-mingw32/nios2-elf/lib/mno-hw-mul\libc.a(lib_a-clock.o)
 .debug_loc     0x000000000000001e       0x42 c:/intelfpga_lite/18.0/nios2eds/bin/gnu/h-x86_64-mingw32/bin/../lib/gcc/nios2-elf/5.3.0/../../../../../H-x86_64-mingw32/nios2-elf/lib/mno-hw-mul\libc.a(lib_a-timesr.o)
 .debug_loc     0x0000000000000060       0x2c c:/intelfpga_lite/18.0/nios2eds/bin/gnu/h-x86_64-mingw32/bin/../lib/gcc/nios2-elf/5.3.0/../../../../../H-x86_64-mingw32/nios2-elf/lib/mno-hw-mul\libc.a(lib_a-atexit.o)
 .debug_loc     0x000000000000008c       0x1e c:/intelfpga_lite/18.0/nios2eds/bin/gnu/h-x86_64-mingw32/bin/../lib/gcc/nios2-elf/5.3.0/../../../../../H-x86_64-mingw32/nios2-elf/lib/mno-hw-mul\libc.a(lib_a-exit.o)
 .debug_loc     0x00000000000000aa      0x126 c:/intelfpga_lite/18.0/nios2eds/bin/gnu/h-x86_64-mingw32/bin/../lib/gcc/nios2-elf/5.3.0/../../../../../H-x86_64-mingw32/nios2-elf/lib/mno-hw-mul\libc.a(lib_a-memcmp.o)
 .debug_loc     0x00000000000001d0      0x266 c:/intelfpga_lite/18.0/nios2eds/bin/gnu/h-x86_64-mingw32/bin/../lib/gcc/nios2-elf/5.3.0/../../../../../H-x86_64-mingw32/nios2-elf/lib/mno-hw-mul\libc.a(lib_a-memcpy.o)
 .debug_loc     0x0000000000000436       0x47 c:/intelfpga_lite/18.0/nios2eds/bin/gnu/h-x86_64-mingw32/bin/../lib/gcc/nios2-elf/5.3.0/../../../../../H-x86_64-mingw32/nios2-elf/lib/mno-hw-mul\libc.a(lib_a-strlen.o)
 .debug_loc     0x000000000000047d      0x185 c:/intelfpga_lite/18.0/nios2eds/bin/gnu/h-x86_64-mingw32/bin/../lib/gcc/nios2-elf/5.3.0/../../../../../H-x86_64-mingw32/nios2-elf/lib/mno-hw-mul\libc.a(lib_a-__atexit.o)
 .debug_loc     0x0000000000000602      0x1ce c:/intelfpga_lite/18.0/nios2eds/bin/gnu/h-x86_64-mingw32/bin/../lib/gcc/nios2-elf/5.3.0/../../../../../H-x86_64-mingw32/nios2-elf/lib/mno-hw-mul\libc.a(lib_a-__call_atexit.o)
 .debug_loc     0x00000000000007d0       0x93 c:/intelfpga_lite/18.0/nios2eds/bin/gnu/h-x86_64-mingw32/bin/../lib/gcc/nios2-elf/5.3.0/mno-hw-mul\libgcc.a(lib2-mul.o)

.debug_macinfo
 *(.debug_macinfo)

.debug_weaknames
 *(.debug_weaknames)

.debug_funcnames
 *(.debug_funcnames)

.debug_typenames
 *(.debug_typenames)

.debug_varnames
 *(.debug_varnames)

.debug_alt_sim_info
                0x0000000000000000       0x10
 *(.debug_alt_sim_info)
 .debug_alt_sim_info
                0x0000000000000000       0x10 ../processor_v2_bsp//obj/HAL/src/crt0.o
                0x000000000001c000                __alt_data_end = 0x1c000
                0x000000000001c000                PROVIDE (__alt_stack_pointer, __alt_data_end)
                [!provide]                        PROVIDE (__alt_stack_limit, __alt_stack_base)
                [!provide]                        PROVIDE (__alt_heap_start, end)
                [!provide]                        PROVIDE (__alt_heap_limit, 0x1c000)
OUTPUT(processor_v2.elf elf32-littlenios2)

.debug_ranges   0x0000000000000000      0x198
 .debug_ranges  0x0000000000000000       0x20 ../processor_v2_bsp//obj/HAL/src/crt0.o
 .debug_ranges  0x0000000000000020       0x10 c:/intelfpga_lite/18.0/nios2eds/bin/gnu/h-x86_64-mingw32/bin/../lib/gcc/nios2-elf/5.3.0/../../../../../H-x86_64-mingw32/nios2-elf/lib/mno-hw-mul\libc.a(lib_a-clock.o)
 .debug_ranges  0x0000000000000030       0x10 c:/intelfpga_lite/18.0/nios2eds/bin/gnu/h-x86_64-mingw32/bin/../lib/gcc/nios2-elf/5.3.0/../../../../../H-x86_64-mingw32/nios2-elf/lib/mno-hw-mul\libc.a(lib_a-timesr.o)
 .debug_ranges  0x0000000000000040       0x30 ../processor_v2_bsp/\libhal_bsp.a(altera_avalon_jtag_uart_init.o)
 .debug_ranges  0x0000000000000070       0x18 ../processor_v2_bsp/\libhal_bsp.a(altera_avalon_jtag_uart_read.o)
 .debug_ranges  0x0000000000000088       0x28 ../processor_v2_bsp/\libhal_bsp.a(alt_irq_entry.o)
 .debug_ranges  0x00000000000000b0       0x10 ../processor_v2_bsp/\libhal_bsp.a(alt_irq_handler.o)
 .debug_ranges  0x00000000000000c0       0x30 ../processor_v2_bsp/\libhal_bsp.a(alt_exception_entry.o)
 .debug_ranges  0x00000000000000f0       0x18 ../processor_v2_bsp/\libhal_bsp.a(alt_instruction_exception_entry.o)
 .debug_ranges  0x0000000000000108       0x10 c:/intelfpga_lite/18.0/nios2eds/bin/gnu/h-x86_64-mingw32/bin/../lib/gcc/nios2-elf/5.3.0/../../../../../H-x86_64-mingw32/nios2-elf/lib/mno-hw-mul\libc.a(lib_a-atexit.o)
 .debug_ranges  0x0000000000000118       0x10 c:/intelfpga_lite/18.0/nios2eds/bin/gnu/h-x86_64-mingw32/bin/../lib/gcc/nios2-elf/5.3.0/../../../../../H-x86_64-mingw32/nios2-elf/lib/mno-hw-mul\libc.a(lib_a-exit.o)
 .debug_ranges  0x0000000000000128       0x10 c:/intelfpga_lite/18.0/nios2eds/bin/gnu/h-x86_64-mingw32/bin/../lib/gcc/nios2-elf/5.3.0/../../../../../H-x86_64-mingw32/nios2-elf/lib/mno-hw-mul\libc.a(lib_a-memcmp.o)
 .debug_ranges  0x0000000000000138       0x10 c:/intelfpga_lite/18.0/nios2eds/bin/gnu/h-x86_64-mingw32/bin/../lib/gcc/nios2-elf/5.3.0/../../../../../H-x86_64-mingw32/nios2-elf/lib/mno-hw-mul\libc.a(lib_a-memcpy.o)
 .debug_ranges  0x0000000000000148       0x10 c:/intelfpga_lite/18.0/nios2eds/bin/gnu/h-x86_64-mingw32/bin/../lib/gcc/nios2-elf/5.3.0/../../../../../H-x86_64-mingw32/nios2-elf/lib/mno-hw-mul\libc.a(lib_a-strlen.o)
 .debug_ranges  0x0000000000000158       0x10 c:/intelfpga_lite/18.0/nios2eds/bin/gnu/h-x86_64-mingw32/bin/../lib/gcc/nios2-elf/5.3.0/../../../../../H-x86_64-mingw32/nios2-elf/lib/mno-hw-mul\libc.a(lib_a-__atexit.o)
 .debug_ranges  0x0000000000000168       0x30 c:/intelfpga_lite/18.0/nios2eds/bin/gnu/h-x86_64-mingw32/bin/../lib/gcc/nios2-elf/5.3.0/../../../../../H-x86_64-mingw32/nios2-elf/lib/mno-hw-mul\libc.a(lib_a-__call_atexit.o)
